// Jest Snapshot v1, https://goo.gl/fbAQLP

exports[`Form Validation Tests renders the screen 1`] = `
<View>
  <RCTSafeAreaView
    accessible={true}
    emulateUnlessSupported={true}
    focusable={true}
    onClick={[Function]}
    onResponderGrant={[Function]}
    onResponderMove={[Function]}
    onResponderRelease={[Function]}
    onResponderTerminate={[Function]}
    onResponderTerminationRequest={[Function]}
    onStartShouldSetResponder={[Function]}
    style={
      Object {
        "backgroundColor": "#6200ee",
        "elevation": 0,
        "height": 76,
        "shadowColor": "rgba(0, 0, 0, 0.3)",
        "shadowOffset": Object {
          "height": 1,
          "width": 0,
        },
        "shadowOpacity": 1,
        "shadowRadius": 2,
        "width": "100%",
      }
    }
  >
    <View
      style={
        Object {
          "flex": 1,
          "flexDirection": "row",
          "paddingBottom": 16,
          "paddingHorizontal": 16,
          "paddingTop": 16,
        }
      }
    >
      <View
        accessible={true}
        focusable={true}
        onClick={[Function]}
        onResponderGrant={[Function]}
        onResponderMove={[Function]}
        onResponderRelease={[Function]}
        onResponderTerminate={[Function]}
        onResponderTerminationRequest={[Function]}
        onStartShouldSetResponder={[Function]}
        style={
          Object {
            "height": 40,
            "margin": -8,
            "marginRight": 24,
            "opacity": 1,
            "padding": 8,
            "width": 40,
          }
        }
        testID="header-navigation"
      >
        <Text />
      </View>
      <View
        style={
          Object {
            "flex": 1,
            "flexDirection": "column",
            "justifyContent": "flex-end",
            "marginRight": 0,
          }
        }
      >
        <View
          style={
            Object {
              "flex": 0,
              "justifyContent": "center",
            }
          }
        >
          <Text
            ellipsizeMode="tail"
            numberOfLines={1}
            style={
              Object {
                "color": "white",
                "fontFamily": "System",
                "fontSize": 20,
                "lineHeight": 20,
                "textAlign": "auto",
                "writingDirection": "ltr",
              }
            }
            testID="header-title"
          >
            Form Validation
          </Text>
        </View>
      </View>
      <View
        style={
          Array [
            Object {
              "alignItems": "center",
              "flexDirection": "row",
              "height": 56,
              "position": "absolute",
              "right": 8,
            },
            undefined,
          ]
        }
      />
    </View>
  </RCTSafeAreaView>
  <RCTScrollView
    collapsable={false}
    onGestureHandlerEvent={[Function]}
    onGestureHandlerStateChange={[Function]}
    style={
      Object {
        "marginBottom": 128,
      }
    }
  >
    <View>
      <View
        style={
          Object {
            "marginBottom": 32,
            "padding": 16,
          }
        }
      >
        <Text
          style={
            Array [
              Object {
                "color": "#000000",
              },
              Object {
                "writingDirection": "ltr",
              },
              Object {},
              Object {
                "fontFamily": "System",
                "fontSize": 20,
                "fontWeight": "500",
                "letterSpacing": 0,
              },
              Object {},
              undefined,
              Object {
                "marginBottom": 16,
              },
            ]
          }
        >
          Basic Form Fields
        </Text>
        <Text
          style={
            Array [
              Object {
                "color": "#000000",
              },
              Object {
                "writingDirection": "ltr",
              },
              Object {},
              Object {
                "fontFamily": "System",
                "fontSize": 16,
                "fontWeight": "400",
                "letterSpacing": 0,
              },
              Object {},
              undefined,
              Object {
                "marginBottom": 24,
              },
            ]
          }
        >
          The following examples show how to perform validation on various input types. The error icon on invalid inputs is optional, but adds redundancy for color blind users.
        </Text>
        <View
          style={
            Object {
              "marginBottom": 48,
            }
          }
        >
          <View>
            <View
              style={
                Array [
                  Object {
                    "backgroundColor": "rgb(231, 231, 231)",
                    "borderTopLeftRadius": 4,
                    "borderTopRightRadius": 4,
                  },
                  Object {
                    "backgroundColor": "#f7f8f8",
                  },
                ]
              }
            >
              <View
                style={
                  Object {
                    "backgroundColor": "#d5d8da",
                    "bottom": 0,
                    "height": 2,
                    "left": 0,
                    "position": "absolute",
                    "right": 0,
                    "transform": Array [
                      Object {
                        "scaleY": 0.5,
                      },
                    ],
                  }
                }
              />
              <View
                style={
                  Object {
                    "minHeight": 70,
                    "paddingBottom": 0,
                    "paddingTop": 0,
                  }
                }
              >
                <View
                  pointerEvents="none"
                  style={
                    Object {
                      "bottom": 0,
                      "left": 0,
                      "opacity": 1,
                      "position": "absolute",
                      "right": 0,
                      "top": 0,
                      "transform": Array [
                        Object {
                          "translateX": 0,
                        },
                      ],
                    }
                  }
                >
                  <Text
                    numberOfLines={1}
                    onLayout={[Function]}
                    style={
                      Object {
                        "color": "#6200ee",
                        "fontFamily": "System",
                        "fontSize": 18,
                        "fontWeight": undefined,
                        "left": 0,
                        "opacity": 0,
                        "paddingLeft": 12,
                        "paddingRight": 12,
                        "position": "absolute",
                        "textAlign": "left",
                        "top": 35,
                        "transform": Array [
                          Object {
                            "translateX": 0,
                          },
                          Object {
                            "translateY": 0,
                          },
                          Object {
                            "scale": 1,
                          },
                        ],
                        "writingDirection": "ltr",
                      }
                    }
                  >
                    Input*
                  </Text>
                  <Text
                    numberOfLines={1}
                    style={
                      Object {
                        "color": "rgba(0, 0, 0, 0.54)",
                        "fontFamily": "System",
                        "fontSize": 18,
                        "fontWeight": undefined,
                        "left": 0,
                        "opacity": 0,
                        "paddingLeft": 12,
                        "paddingRight": 12,
                        "position": "absolute",
                        "textAlign": "left",
                        "top": 35,
                        "transform": Array [
                          Object {
                            "translateX": 0,
                          },
                          Object {
                            "translateY": 0,
                          },
                          Object {
                            "scale": 1,
                          },
                        ],
                        "writingDirection": "ltr",
                      }
                    }
                  >
                    Input*
                  </Text>
                </View>
                <TextInput
                  allowFontScaling={true}
                  autoCapitalize="none"
                  editable={true}
                  keyboardType="default"
                  multiline={false}
                  onBlur={[Function]}
                  onChangeText={[Function]}
                  onFocus={[Function]}
                  placeholder=""
                  placeholderTextColor="rgba(0, 0, 0, 0.54)"
                  rejectResponderTermination={true}
                  returnKeyType="next"
                  selectionColor="#6200ee"
                  style={
                    Array [
                      Object {
                        "flexGrow": 1,
                        "margin": 0,
                        "textAlign": "left",
                        "zIndex": 1,
                      },
                      Object {
                        "paddingLeft": 12,
                        "paddingRight": 12,
                      },
                      Object {
                        "height": 70,
                      },
                      Object {
                        "paddingBottom": 4,
                        "paddingTop": 24,
                      },
                      Object {
                        "color": "#000000",
                        "fontFamily": "System",
                        "fontSize": 18,
                        "fontWeight": undefined,
                        "textAlignVertical": "center",
                      },
                      Array [
                        Object {},
                      ],
                    ]
                  }
                  textContentType="none"
                  underlineColorAndroid="transparent"
                  value=""
                />
              </View>
            </View>
            <View
              style={
                Object {
                  "flexDirection": "column",
                }
              }
            >
              <Text
                onLayout={[Function]}
                style={
                  Array [
                    Object {
                      "color": "#000000",
                    },
                    Object {
                      "writingDirection": "ltr",
                    },
                    Object {},
                    Object {
                      "fontFamily": "System",
                      "fontSize": 14,
                      "fontWeight": "500",
                      "letterSpacing": 0,
                    },
                    Object {
                      "fontFamily": "System",
                      "fontWeight": "400",
                    },
                    undefined,
                    Array [
                      Object {
                        "bottom": -20,
                        "paddingLeft": 13,
                        "position": "absolute",
                      },
                      undefined,
                      Object {
                        "bottom": 20,
                      },
                    ],
                  ]
                }
              >
                This is a regular input field.
              </Text>
            </View>
          </View>
        </View>
        <View
          style={
            Object {
              "marginBottom": 48,
            }
          }
        >
          <View>
            <View
              style={
                Array [
                  Object {
                    "backgroundColor": "rgb(231, 231, 231)",
                    "borderTopLeftRadius": 4,
                    "borderTopRightRadius": 4,
                  },
                  Object {
                    "backgroundColor": "#f7f8f8",
                  },
                ]
              }
            >
              <View
                style={
                  Object {
                    "backgroundColor": "#d5d8da",
                    "bottom": 0,
                    "height": 2,
                    "left": 0,
                    "position": "absolute",
                    "right": 0,
                    "transform": Array [
                      Object {
                        "scaleY": 0.5,
                      },
                    ],
                  }
                }
              />
              <View
                style={
                  Object {
                    "minHeight": 70,
                    "paddingBottom": 0,
                    "paddingTop": 0,
                  }
                }
              >
                <View
                  pointerEvents="none"
                  style={
                    Object {
                      "bottom": 0,
                      "left": 0,
                      "opacity": 1,
                      "position": "absolute",
                      "right": 0,
                      "top": 0,
                      "transform": Array [
                        Object {
                          "translateX": 0,
                        },
                      ],
                    }
                  }
                >
                  <Text
                    numberOfLines={1}
                    onLayout={[Function]}
                    style={
                      Object {
                        "color": "#6200ee",
                        "fontFamily": "System",
                        "fontSize": 18,
                        "fontWeight": undefined,
                        "left": 0,
                        "opacity": 0,
                        "paddingLeft": 12,
                        "paddingRight": 12,
                        "position": "absolute",
                        "textAlign": "left",
                        "top": 35,
                        "transform": Array [
                          Object {
                            "translateX": 0,
                          },
                          Object {
                            "translateY": 0,
                          },
                          Object {
                            "scale": 1,
                          },
                        ],
                        "writingDirection": "ltr",
                      }
                    }
                  >
                    Enter Your Email*
                  </Text>
                  <Text
                    numberOfLines={1}
                    style={
                      Object {
                        "color": "rgba(0, 0, 0, 0.54)",
                        "fontFamily": "System",
                        "fontSize": 18,
                        "fontWeight": undefined,
                        "left": 0,
                        "opacity": 0,
                        "paddingLeft": 12,
                        "paddingRight": 12,
                        "position": "absolute",
                        "textAlign": "left",
                        "top": 35,
                        "transform": Array [
                          Object {
                            "translateX": 0,
                          },
                          Object {
                            "translateY": 0,
                          },
                          Object {
                            "scale": 1,
                          },
                        ],
                        "writingDirection": "ltr",
                      }
                    }
                  >
                    Enter Your Email*
                  </Text>
                </View>
                <TextInput
                  allowFontScaling={true}
                  autoCapitalize="none"
                  editable={true}
                  keyboardType="email-address"
                  multiline={false}
                  onBlur={[Function]}
                  onChangeText={[Function]}
                  onFocus={[Function]}
                  placeholder=""
                  placeholderTextColor="rgba(0, 0, 0, 0.54)"
                  rejectResponderTermination={true}
                  returnKeyType="next"
                  selectionColor="#6200ee"
                  style={
                    Array [
                      Object {
                        "flexGrow": 1,
                        "margin": 0,
                        "textAlign": "left",
                        "zIndex": 1,
                      },
                      Object {
                        "paddingLeft": 12,
                        "paddingRight": 12,
                      },
                      Object {
                        "height": 70,
                      },
                      Object {
                        "paddingBottom": 4,
                        "paddingTop": 24,
                      },
                      Object {
                        "color": "#000000",
                        "fontFamily": "System",
                        "fontSize": 18,
                        "fontWeight": undefined,
                        "textAlignVertical": "center",
                      },
                      Array [
                        Object {},
                      ],
                    ]
                  }
                  textContentType="none"
                  underlineColorAndroid="transparent"
                  value=""
                />
              </View>
            </View>
            <View
              style={
                Object {
                  "flexDirection": "column",
                }
              }
            >
              <Text
                onLayout={[Function]}
                style={
                  Array [
                    Object {
                      "color": "#000000",
                    },
                    Object {
                      "writingDirection": "ltr",
                    },
                    Object {},
                    Object {
                      "fontFamily": "System",
                      "fontSize": 14,
                      "fontWeight": "500",
                      "letterSpacing": 0,
                    },
                    Object {
                      "fontFamily": "System",
                      "fontWeight": "400",
                    },
                    undefined,
                    Array [
                      Object {
                        "bottom": -20,
                        "paddingLeft": 13,
                        "position": "absolute",
                      },
                      undefined,
                      Object {
                        "bottom": 20,
                      },
                    ],
                  ]
                }
              >
                This field throws an error if the email format is incorrect.
              </Text>
            </View>
          </View>
        </View>
        <View
          style={
            Object {
              "marginBottom": 48,
            }
          }
        >
          <View>
            <View
              style={
                Array [
                  Object {
                    "backgroundColor": "rgb(231, 231, 231)",
                    "borderTopLeftRadius": 4,
                    "borderTopRightRadius": 4,
                  },
                  Object {
                    "backgroundColor": "#f7f8f8",
                  },
                ]
              }
            >
              <View
                style={
                  Object {
                    "backgroundColor": "#d5d8da",
                    "bottom": 0,
                    "height": 2,
                    "left": 0,
                    "position": "absolute",
                    "right": 0,
                    "transform": Array [
                      Object {
                        "scaleY": 0.5,
                      },
                    ],
                  }
                }
              />
              <View
                style={
                  Object {
                    "minHeight": 70,
                    "paddingBottom": 0,
                    "paddingTop": 0,
                  }
                }
              >
                <View
                  pointerEvents="none"
                  style={
                    Object {
                      "bottom": 0,
                      "left": 0,
                      "opacity": 1,
                      "position": "absolute",
                      "right": 0,
                      "top": 0,
                      "transform": Array [
                        Object {
                          "translateX": 0,
                        },
                      ],
                    }
                  }
                >
                  <Text
                    numberOfLines={1}
                    onLayout={[Function]}
                    style={
                      Object {
                        "color": "#6200ee",
                        "fontFamily": "System",
                        "fontSize": 18,
                        "fontWeight": undefined,
                        "left": 0,
                        "opacity": 0,
                        "paddingLeft": 12,
                        "paddingRight": 12,
                        "position": "absolute",
                        "textAlign": "left",
                        "top": 35,
                        "transform": Array [
                          Object {
                            "translateX": 0,
                          },
                          Object {
                            "translateY": 0,
                          },
                          Object {
                            "scale": 1,
                          },
                        ],
                        "writingDirection": "ltr",
                      }
                    }
                  >
                    Phone Number*
                  </Text>
                  <Text
                    numberOfLines={1}
                    style={
                      Object {
                        "color": "rgba(0, 0, 0, 0.54)",
                        "fontFamily": "System",
                        "fontSize": 18,
                        "fontWeight": undefined,
                        "left": 0,
                        "opacity": 0,
                        "paddingLeft": 12,
                        "paddingRight": 12,
                        "position": "absolute",
                        "textAlign": "left",
                        "top": 35,
                        "transform": Array [
                          Object {
                            "translateX": 0,
                          },
                          Object {
                            "translateY": 0,
                          },
                          Object {
                            "scale": 1,
                          },
                        ],
                        "writingDirection": "ltr",
                      }
                    }
                  >
                    Phone Number*
                  </Text>
                </View>
                <TextInput
                  allowFontScaling={true}
                  autoCapitalize="none"
                  editable={true}
                  keyboardType="phone-pad"
                  multiline={false}
                  onBlur={[Function]}
                  onChangeText={[Function]}
                  onFocus={[Function]}
                  placeholder=""
                  placeholderTextColor="rgba(0, 0, 0, 0.54)"
                  rejectResponderTermination={true}
                  returnKeyType="next"
                  selectionColor="#6200ee"
                  style={
                    Array [
                      Object {
                        "flexGrow": 1,
                        "margin": 0,
                        "textAlign": "left",
                        "zIndex": 1,
                      },
                      Object {
                        "paddingLeft": 12,
                        "paddingRight": 12,
                      },
                      Object {
                        "height": 70,
                      },
                      Object {
                        "paddingBottom": 4,
                        "paddingTop": 24,
                      },
                      Object {
                        "color": "#000000",
                        "fontFamily": "System",
                        "fontSize": 18,
                        "fontWeight": undefined,
                        "textAlignVertical": "center",
                      },
                      Array [
                        Object {},
                      ],
                    ]
                  }
                  textContentType="none"
                  underlineColorAndroid="transparent"
                  value=""
                />
              </View>
            </View>
            <View
              style={
                Object {
                  "flexDirection": "column",
                }
              }
            >
              <Text
                onLayout={[Function]}
                style={
                  Array [
                    Object {
                      "color": "#000000",
                    },
                    Object {
                      "writingDirection": "ltr",
                    },
                    Object {},
                    Object {
                      "fontFamily": "System",
                      "fontSize": 14,
                      "fontWeight": "500",
                      "letterSpacing": 0,
                    },
                    Object {
                      "fontFamily": "System",
                      "fontWeight": "400",
                    },
                    undefined,
                    Array [
                      Object {
                        "bottom": -20,
                        "paddingLeft": 13,
                        "position": "absolute",
                      },
                      undefined,
                      Object {
                        "bottom": 20,
                      },
                    ],
                  ]
                }
              >
                This field throws an error if the phone number format is incorrect. (Needs to be a valid U.S. number)
              </Text>
            </View>
          </View>
        </View>
      </View>
      <View
        style={
          Object {
            "marginBottom": 32,
            "padding": 16,
          }
        }
      >
        <Text
          style={
            Array [
              Object {
                "color": "#000000",
              },
              Object {
                "writingDirection": "ltr",
              },
              Object {},
              Object {
                "fontFamily": "System",
                "fontSize": 20,
                "fontWeight": "500",
                "letterSpacing": 0,
              },
              Object {},
              undefined,
              Object {
                "marginBottom": 16,
              },
            ]
          }
        >
          Character Limits
        </Text>
        <Text
          style={
            Array [
              Object {
                "color": "#000000",
              },
              Object {
                "writingDirection": "ltr",
              },
              Object {},
              Object {
                "fontFamily": "System",
                "fontSize": 16,
                "fontWeight": "400",
                "letterSpacing": 0,
              },
              Object {},
              undefined,
              Object {
                "marginBottom": 24,
              },
            ]
          }
        >
          The following example shows how to restrict the length of an input field. In these cases, you should provide the user an indication of how many characters are available.
        </Text>
        <View
          style={
            Object {
              "marginBottom": 48,
            }
          }
        >
          <View>
            <View
              style={
                Array [
                  Object {
                    "backgroundColor": "rgb(231, 231, 231)",
                    "borderTopLeftRadius": 4,
                    "borderTopRightRadius": 4,
                  },
                  Object {
                    "backgroundColor": "#f7f8f8",
                  },
                ]
              }
            >
              <View
                style={
                  Object {
                    "backgroundColor": "#d5d8da",
                    "bottom": 0,
                    "height": 2,
                    "left": 0,
                    "position": "absolute",
                    "right": 0,
                    "transform": Array [
                      Object {
                        "scaleY": 0.5,
                      },
                    ],
                  }
                }
              />
              <View
                style={
                  Object {
                    "minHeight": 70,
                    "paddingBottom": 0,
                    "paddingTop": 0,
                  }
                }
              >
                <View
                  pointerEvents="none"
                  style={
                    Object {
                      "bottom": 0,
                      "left": 0,
                      "opacity": 1,
                      "position": "absolute",
                      "right": 0,
                      "top": 0,
                      "transform": Array [
                        Object {
                          "translateX": 0,
                        },
                      ],
                    }
                  }
                >
                  <Text
                    numberOfLines={1}
                    onLayout={[Function]}
                    style={
                      Object {
                        "color": "#6200ee",
                        "fontFamily": "System",
                        "fontSize": 18,
                        "fontWeight": undefined,
                        "left": 0,
                        "opacity": 0,
                        "paddingLeft": 12,
                        "paddingRight": 12,
                        "position": "absolute",
                        "textAlign": "left",
                        "top": 35,
                        "transform": Array [
                          Object {
                            "translateX": 0,
                          },
                          Object {
                            "translateY": 0,
                          },
                          Object {
                            "scale": 1,
                          },
                        ],
                        "writingDirection": "ltr",
                      }
                    }
                  >
                    Enter Some Text
                  </Text>
                  <Text
                    numberOfLines={1}
                    style={
                      Object {
                        "color": "rgba(0, 0, 0, 0.54)",
                        "fontFamily": "System",
                        "fontSize": 18,
                        "fontWeight": undefined,
                        "left": 0,
                        "opacity": 0,
                        "paddingLeft": 12,
                        "paddingRight": 12,
                        "position": "absolute",
                        "textAlign": "left",
                        "top": 35,
                        "transform": Array [
                          Object {
                            "translateX": 0,
                          },
                          Object {
                            "translateY": 0,
                          },
                          Object {
                            "scale": 1,
                          },
                        ],
                        "writingDirection": "ltr",
                      }
                    }
                  >
                    Enter Some Text
                  </Text>
                </View>
                <TextInput
                  allowFontScaling={true}
                  autoCapitalize="none"
                  editable={true}
                  keyboardType="default"
                  maxLength={30}
                  multiline={false}
                  onBlur={[Function]}
                  onChangeText={[Function]}
                  onFocus={[Function]}
                  placeholder=""
                  placeholderTextColor="rgba(0, 0, 0, 0.54)"
                  rejectResponderTermination={true}
                  returnKeyType="next"
                  selectionColor="#6200ee"
                  style={
                    Array [
                      Object {
                        "flexGrow": 1,
                        "margin": 0,
                        "textAlign": "left",
                        "zIndex": 1,
                      },
                      Object {
                        "paddingLeft": 12,
                        "paddingRight": 12,
                      },
                      Object {
                        "height": 70,
                      },
                      Object {
                        "paddingBottom": 4,
                        "paddingTop": 24,
                      },
                      Object {
                        "color": "#000000",
                        "fontFamily": "System",
                        "fontSize": 18,
                        "fontWeight": undefined,
                        "textAlignVertical": "center",
                      },
                      Array [
                        Object {},
                      ],
                    ]
                  }
                  textContentType="none"
                  underlineColorAndroid="transparent"
                  value=""
                />
              </View>
            </View>
            <View
              style={
                Object {
                  "flexDirection": "row",
                }
              }
            >
              <Text
                onLayout={[Function]}
                style={
                  Array [
                    Object {
                      "color": "#000000",
                    },
                    Object {
                      "writingDirection": "ltr",
                    },
                    Object {},
                    Object {
                      "fontFamily": "System",
                      "fontSize": 14,
                      "fontWeight": "500",
                      "letterSpacing": 0,
                    },
                    Object {
                      "fontFamily": "System",
                      "fontWeight": "400",
                    },
                    undefined,
                    Array [
                      Object {
                        "bottom": -20,
                        "paddingLeft": 13,
                        "position": "absolute",
                      },
                      undefined,
                      Object {
                        "bottom": 20,
                      },
                    ],
                  ]
                }
              >
                Max 30 characters
              </Text>
              <Text
                onLayout={[Function]}
                style={
                  Array [
                    Object {
                      "color": "#000000",
                    },
                    Object {
                      "writingDirection": "ltr",
                    },
                    Object {},
                    Object {
                      "fontFamily": "System",
                      "fontSize": 14,
                      "fontWeight": "500",
                      "letterSpacing": 0,
                    },
                    Object {
                      "fontFamily": "System",
                      "fontWeight": "400",
                    },
                    undefined,
                    Array [
                      Object {
                        "bottom": -20,
                        "paddingRight": 13,
                        "position": "absolute",
                        "right": 0,
                      },
                      undefined,
                      Object {
                        "bottom": 20,
                      },
                    ],
                  ]
                }
              >
                0/30
              </Text>
            </View>
          </View>
        </View>
      </View>
      <View
        style={
          Object {
            "marginBottom": 32,
            "padding": 16,
          }
        }
      >
        <Text
          style={
            Array [
              Object {
                "color": "#000000",
              },
              Object {
                "writingDirection": "ltr",
              },
              Object {},
              Object {
                "fontFamily": "System",
                "fontSize": 20,
                "fontWeight": "500",
                "letterSpacing": 0,
              },
              Object {},
              undefined,
              Object {
                "marginBottom": 16,
              },
            ]
          }
        >
          Password Validation
        </Text>
        <Text
          style={
            Array [
              Object {
                "color": "#000000",
              },
              Object {
                "writingDirection": "ltr",
              },
              Object {},
              Object {
                "fontFamily": "System",
                "fontSize": 16,
                "fontWeight": "400",
                "letterSpacing": 0,
              },
              Object {},
              undefined,
              Object {
                "marginBottom": 24,
              },
            ]
          }
        >
          The following example shows how to enforce password strength restrictions and confirmation field matching. The password strength requirements for your application may differ from this example.
        </Text>
        <View
          style={
            Object {
              "marginBottom": 48,
            }
          }
        >
          <View>
            <View
              style={
                Array [
                  Object {
                    "backgroundColor": "rgb(231, 231, 231)",
                    "borderTopLeftRadius": 4,
                    "borderTopRightRadius": 4,
                  },
                  Object {
                    "backgroundColor": "#f7f8f8",
                  },
                ]
              }
            >
              <View
                style={
                  Object {
                    "backgroundColor": "#d5d8da",
                    "bottom": 0,
                    "height": 2,
                    "left": 0,
                    "position": "absolute",
                    "right": 0,
                    "transform": Array [
                      Object {
                        "scaleY": 0.5,
                      },
                    ],
                  }
                }
              />
              <View
                style={
                  Object {
                    "minHeight": 70,
                    "paddingBottom": 0,
                    "paddingTop": 0,
                  }
                }
              >
                <View
                  pointerEvents="none"
                  style={
                    Object {
                      "bottom": 0,
                      "left": 0,
                      "opacity": 1,
                      "position": "absolute",
                      "right": 0,
                      "top": 0,
                      "transform": Array [
                        Object {
                          "translateX": 0,
                        },
                      ],
                    }
                  }
                >
                  <Text
                    numberOfLines={1}
                    onLayout={[Function]}
                    style={
                      Object {
                        "color": "#6200ee",
                        "fontFamily": "System",
                        "fontSize": 18,
                        "fontWeight": undefined,
                        "left": 0,
                        "opacity": 0,
                        "paddingLeft": 12,
                        "paddingRight": 44,
                        "position": "absolute",
                        "textAlign": "left",
                        "top": 35,
                        "transform": Array [
                          Object {
                            "translateX": 0,
                          },
                          Object {
                            "translateY": 0,
                          },
                          Object {
                            "scale": 1,
                          },
                        ],
                        "writingDirection": "ltr",
                      }
                    }
                  >
                    Old Password*
                  </Text>
                  <Text
                    numberOfLines={1}
                    style={
                      Object {
                        "color": "rgba(0, 0, 0, 0.54)",
                        "fontFamily": "System",
                        "fontSize": 18,
                        "fontWeight": undefined,
                        "left": 0,
                        "opacity": 0,
                        "paddingLeft": 12,
                        "paddingRight": 44,
                        "position": "absolute",
                        "textAlign": "left",
                        "top": 35,
                        "transform": Array [
                          Object {
                            "translateX": 0,
                          },
                          Object {
                            "translateY": 0,
                          },
                          Object {
                            "scale": 1,
                          },
                        ],
                        "writingDirection": "ltr",
                      }
                    }
                  >
                    Old Password*
                  </Text>
                </View>
                <TextInput
                  allowFontScaling={true}
                  autoCapitalize="none"
                  editable={true}
                  keyboardType="default"
                  multiline={false}
                  onBlur={[Function]}
                  onChangeText={[Function]}
                  onFocus={[Function]}
                  placeholder=""
                  placeholderTextColor="rgba(0, 0, 0, 0.54)"
                  rejectResponderTermination={true}
                  returnKeyType="next"
                  secureTextEntry={true}
                  selectionColor="#6200ee"
                  style={
                    Array [
                      Object {
                        "flexGrow": 1,
                        "margin": 0,
                        "textAlign": "left",
                        "zIndex": 1,
                      },
                      Object {
                        "paddingLeft": 12,
                        "paddingRight": 44,
                      },
                      Object {
                        "height": 70,
                      },
                      Object {
                        "paddingBottom": 4,
                        "paddingTop": 24,
                      },
                      Object {
                        "color": "#000000",
                        "fontFamily": "System",
                        "fontSize": 18,
                        "fontWeight": undefined,
                        "textAlignVertical": "center",
                      },
                      Object {
                        "marginRight": 36,
                        "paddingRight": 8,
                      },
                    ]
                  }
                  textContentType="oneTimeCode"
                  underlineColorAndroid="transparent"
                  value=""
                />
              </View>
              <View
                style={
                  Array [
                    Object {
                      "alignItems": "center",
                      "height": 24,
                      "justifyContent": "center",
                      "position": "absolute",
                      "width": 24,
                    },
                    Object {
                      "right": 12,
                      "top": 23,
                    },
                  ]
                }
              >
                <View
                  accessibilityRole="button"
                  accessibilityState={
                    Object {
                      "disabled": undefined,
                    }
                  }
                  accessible={true}
                  focusable={true}
                  hitSlop={
                    Object {
                      "bottom": 6,
                      "left": 6,
                      "right": 6,
                      "top": 6,
                    }
                  }
                  onClick={[Function]}
                  onResponderGrant={[Function]}
                  onResponderMove={[Function]}
                  onResponderRelease={[Function]}
                  onResponderTerminate={[Function]}
                  onResponderTerminationRequest={[Function]}
                  onStartShouldSetResponder={[Function]}
                  style={
                    Array [
                      Object {
                        "overflow": "hidden",
                      },
                      Array [
                        Object {
                          "alignItems": "center",
                          "justifyContent": "center",
                          "margin": 6,
                          "overflow": "hidden",
                        },
                        Object {
                          "borderRadius": 18,
                          "height": 36,
                          "width": 36,
                        },
                        undefined,
                        Object {
                          "margin": 0,
                        },
                      ],
                    ]
                  }
                >
                  <View>
                    <Text />
                  </View>
                </View>
              </View>
            </View>
          </View>
        </View>
        <View
          style={
            Object {
              "marginBottom": 16,
            }
          }
        >
          <View>
            <View
              style={
                Array [
                  Object {
                    "backgroundColor": "rgb(231, 231, 231)",
                    "borderTopLeftRadius": 4,
                    "borderTopRightRadius": 4,
                  },
                  Object {
                    "backgroundColor": "#f7f8f8",
                  },
                ]
              }
            >
              <View
                style={
                  Object {
                    "backgroundColor": "#d5d8da",
                    "bottom": 0,
                    "height": 2,
                    "left": 0,
                    "position": "absolute",
                    "right": 0,
                    "transform": Array [
                      Object {
                        "scaleY": 0.5,
                      },
                    ],
                  }
                }
              />
              <View
                style={
                  Object {
                    "minHeight": 70,
                    "paddingBottom": 0,
                    "paddingTop": 0,
                  }
                }
              >
                <View
                  pointerEvents="none"
                  style={
                    Object {
                      "bottom": 0,
                      "left": 0,
                      "opacity": 1,
                      "position": "absolute",
                      "right": 0,
                      "top": 0,
                      "transform": Array [
                        Object {
                          "translateX": 0,
                        },
                      ],
                    }
                  }
                >
                  <Text
                    numberOfLines={1}
                    onLayout={[Function]}
                    style={
                      Object {
                        "color": "#6200ee",
                        "fontFamily": "System",
                        "fontSize": 18,
                        "fontWeight": undefined,
                        "left": 0,
                        "opacity": 0,
                        "paddingLeft": 12,
                        "paddingRight": 44,
                        "position": "absolute",
                        "textAlign": "left",
                        "top": 35,
                        "transform": Array [
                          Object {
                            "translateX": 0,
                          },
                          Object {
                            "translateY": 0,
                          },
                          Object {
                            "scale": 1,
                          },
                        ],
                        "writingDirection": "ltr",
                      }
                    }
                  >
                    New Password*
                  </Text>
                  <Text
                    numberOfLines={1}
                    style={
                      Object {
                        "color": "rgba(0, 0, 0, 0.54)",
                        "fontFamily": "System",
                        "fontSize": 18,
                        "fontWeight": undefined,
                        "left": 0,
                        "opacity": 0,
                        "paddingLeft": 12,
                        "paddingRight": 44,
                        "position": "absolute",
                        "textAlign": "left",
                        "top": 35,
                        "transform": Array [
                          Object {
                            "translateX": 0,
                          },
                          Object {
                            "translateY": 0,
                          },
                          Object {
                            "scale": 1,
                          },
                        ],
                        "writingDirection": "ltr",
                      }
                    }
                  >
                    New Password*
                  </Text>
                </View>
                <TextInput
                  allowFontScaling={true}
                  autoCapitalize="none"
                  editable={true}
                  keyboardType="default"
                  multiline={false}
                  onBlur={[Function]}
                  onChangeText={[Function]}
                  onFocus={[Function]}
                  placeholder=""
                  placeholderTextColor="rgba(0, 0, 0, 0.54)"
                  rejectResponderTermination={true}
                  returnKeyType="next"
                  secureTextEntry={true}
                  selectionColor="#6200ee"
                  style={
                    Array [
                      Object {
                        "flexGrow": 1,
                        "margin": 0,
                        "textAlign": "left",
                        "zIndex": 1,
                      },
                      Object {
                        "paddingLeft": 12,
                        "paddingRight": 44,
                      },
                      Object {
                        "height": 70,
                      },
                      Object {
                        "paddingBottom": 4,
                        "paddingTop": 24,
                      },
                      Object {
                        "color": "#000000",
                        "fontFamily": "System",
                        "fontSize": 18,
                        "fontWeight": undefined,
                        "textAlignVertical": "center",
                      },
                      Object {
                        "marginRight": 36,
                        "paddingRight": 8,
                      },
                    ]
                  }
                  textContentType="oneTimeCode"
                  underlineColorAndroid="transparent"
                  value=""
                />
              </View>
              <View
                style={
                  Array [
                    Object {
                      "alignItems": "center",
                      "height": 24,
                      "justifyContent": "center",
                      "position": "absolute",
                      "width": 24,
                    },
                    Object {
                      "right": 12,
                      "top": 23,
                    },
                  ]
                }
              >
                <View
                  accessibilityRole="button"
                  accessibilityState={
                    Object {
                      "disabled": undefined,
                    }
                  }
                  accessible={true}
                  focusable={true}
                  hitSlop={
                    Object {
                      "bottom": 6,
                      "left": 6,
                      "right": 6,
                      "top": 6,
                    }
                  }
                  onClick={[Function]}
                  onResponderGrant={[Function]}
                  onResponderMove={[Function]}
                  onResponderRelease={[Function]}
                  onResponderTerminate={[Function]}
                  onResponderTerminationRequest={[Function]}
                  onStartShouldSetResponder={[Function]}
                  style={
                    Array [
                      Object {
                        "overflow": "hidden",
                      },
                      Array [
                        Object {
                          "alignItems": "center",
                          "justifyContent": "center",
                          "margin": 6,
                          "overflow": "hidden",
                        },
                        Object {
                          "borderRadius": 18,
                          "height": 36,
                          "width": 36,
                        },
                        undefined,
                        Object {
                          "margin": 0,
                        },
                      ],
                    ]
                  }
                >
                  <View>
                    <Text />
                  </View>
                </View>
              </View>
            </View>
          </View>
        </View>
        <View
          style={
            Object {
              "paddingBottom": 32,
            }
          }
        >
          <View
            style={
              Object {
                "alignItems": "center",
                "flexDirection": "row",
                "justifyContent": "flex-start",
              }
            }
          >
            <Text />
            <Text
              style={
                Array [
                  Object {
                    "color": "#000000",
                  },
                  Object {
                    "writingDirection": "ltr",
                  },
                  Object {},
                  Object {
                    "fontFamily": "System",
                    "fontSize": 14,
                    "fontWeight": "500",
                    "letterSpacing": 0,
                  },
                  Object {
                    "fontFamily": "System",
                    "fontWeight": "400",
                  },
                  undefined,
                  Array [
                    Object {
                      "paddingLeft": 10,
                    },
                    Object {
                      "color": "#000000",
                    },
                  ],
                ]
              }
            >
              At least 8 characters in length
            </Text>
          </View>
          <View
            style={
              Object {
                "alignItems": "center",
                "flexDirection": "row",
                "justifyContent": "flex-start",
              }
            }
          >
            <Text />
            <Text
              style={
                Array [
                  Object {
                    "color": "#000000",
                  },
                  Object {
                    "writingDirection": "ltr",
                  },
                  Object {},
                  Object {
                    "fontFamily": "System",
                    "fontSize": 14,
                    "fontWeight": "500",
                    "letterSpacing": 0,
                  },
                  Object {
                    "fontFamily": "System",
                    "fontWeight": "400",
                  },
                  undefined,
                  Array [
                    Object {
                      "paddingLeft": 10,
                    },
                    Object {
                      "color": "#000000",
                    },
                  ],
                ]
              }
            >
              At least 1 digit
            </Text>
          </View>
          <View
            style={
              Object {
                "alignItems": "center",
                "flexDirection": "row",
                "justifyContent": "flex-start",
              }
            }
          >
            <Text />
            <Text
              style={
                Array [
                  Object {
                    "color": "#000000",
                  },
                  Object {
                    "writingDirection": "ltr",
                  },
                  Object {},
                  Object {
                    "fontFamily": "System",
                    "fontSize": 14,
                    "fontWeight": "500",
                    "letterSpacing": 0,
                  },
                  Object {
                    "fontFamily": "System",
                    "fontWeight": "400",
                  },
                  undefined,
                  Array [
                    Object {
                      "paddingLeft": 10,
                    },
                    Object {
                      "color": "#000000",
                    },
                  ],
                ]
              }
            >
              At least 1 uppercase letter
            </Text>
          </View>
          <View
            style={
              Object {
                "alignItems": "center",
                "flexDirection": "row",
                "justifyContent": "flex-start",
              }
            }
          >
            <Text />
            <Text
              style={
                Array [
                  Object {
                    "color": "#000000",
                  },
                  Object {
                    "writingDirection": "ltr",
                  },
                  Object {},
                  Object {
                    "fontFamily": "System",
                    "fontSize": 14,
                    "fontWeight": "500",
                    "letterSpacing": 0,
                  },
                  Object {
                    "fontFamily": "System",
                    "fontWeight": "400",
                  },
                  undefined,
                  Array [
                    Object {
                      "paddingLeft": 10,
                    },
                    Object {
                      "color": "#000000",
                    },
                  ],
                ]
              }
            >
              At least 1 lowercase letter
            </Text>
          </View>
          <View
            style={
              Object {
                "alignItems": "center",
                "flexDirection": "row",
                "justifyContent": "flex-start",
              }
            }
          >
            <Text />
            <Text
              style={
                Array [
                  Object {
                    "color": "#000000",
                  },
                  Object {
                    "writingDirection": "ltr",
                  },
                  Object {},
                  Object {
                    "fontFamily": "System",
                    "fontSize": 14,
                    "fontWeight": "500",
                    "letterSpacing": 0,
                  },
                  Object {
                    "fontFamily": "System",
                    "fontWeight": "400",
                  },
                  undefined,
                  Array [
                    Object {
                      "paddingLeft": 10,
                    },
                    Object {
                      "color": "#000000",
                    },
                  ],
                ]
              }
            >
              At least 1 special character: (valid: ! @ # $ ^ &)
            </Text>
          </View>
        </View>
        <View
          style={
            Object {
              "marginBottom": 48,
            }
          }
        >
          <View>
            <View
              style={
                Array [
                  Object {
                    "backgroundColor": "rgb(231, 231, 231)",
                    "borderTopLeftRadius": 4,
                    "borderTopRightRadius": 4,
                  },
                  Object {
                    "backgroundColor": "#f7f8f8",
                  },
                ]
              }
            >
              <View
                style={
                  Object {
                    "backgroundColor": "#d5d8da",
                    "bottom": 0,
                    "height": 2,
                    "left": 0,
                    "position": "absolute",
                    "right": 0,
                    "transform": Array [
                      Object {
                        "scaleY": 0.5,
                      },
                    ],
                  }
                }
              />
              <View
                style={
                  Object {
                    "minHeight": 70,
                    "paddingBottom": 0,
                    "paddingTop": 0,
                  }
                }
              >
                <View
                  pointerEvents="none"
                  style={
                    Object {
                      "bottom": 0,
                      "left": 0,
                      "opacity": 1,
                      "position": "absolute",
                      "right": 0,
                      "top": 0,
                      "transform": Array [
                        Object {
                          "translateX": 0,
                        },
                      ],
                    }
                  }
                >
                  <Text
                    numberOfLines={1}
                    onLayout={[Function]}
                    style={
                      Object {
                        "color": "#6200ee",
                        "fontFamily": "System",
                        "fontSize": 18,
                        "fontWeight": undefined,
                        "left": 0,
                        "opacity": 0,
                        "paddingLeft": 12,
                        "paddingRight": 44,
                        "position": "absolute",
                        "textAlign": "left",
                        "top": 35,
                        "transform": Array [
                          Object {
                            "translateX": 0,
                          },
                          Object {
                            "translateY": 0,
                          },
                          Object {
                            "scale": 1,
                          },
                        ],
                        "writingDirection": "ltr",
                      }
                    }
                  >
                    Confirm Password*
                  </Text>
                  <Text
                    numberOfLines={1}
                    style={
                      Object {
                        "color": "rgba(0, 0, 0, 0.54)",
                        "fontFamily": "System",
                        "fontSize": 18,
                        "fontWeight": undefined,
                        "left": 0,
                        "opacity": 0,
                        "paddingLeft": 12,
                        "paddingRight": 44,
                        "position": "absolute",
                        "textAlign": "left",
                        "top": 35,
                        "transform": Array [
                          Object {
                            "translateX": 0,
                          },
                          Object {
                            "translateY": 0,
                          },
                          Object {
                            "scale": 1,
                          },
                        ],
                        "writingDirection": "ltr",
                      }
                    }
                  >
                    Confirm Password*
                  </Text>
                </View>
                <TextInput
                  allowFontScaling={true}
                  autoCapitalize="none"
                  editable={true}
                  keyboardType="default"
                  multiline={false}
                  onBlur={[Function]}
                  onChangeText={[Function]}
                  onFocus={[Function]}
                  placeholder=""
                  placeholderTextColor="rgba(0, 0, 0, 0.54)"
                  rejectResponderTermination={true}
                  returnKeyType="done"
                  secureTextEntry={true}
                  selectionColor="#6200ee"
                  style={
                    Array [
                      Object {
                        "flexGrow": 1,
                        "margin": 0,
                        "textAlign": "left",
                        "zIndex": 1,
                      },
                      Object {
                        "paddingLeft": 12,
                        "paddingRight": 44,
                      },
                      Object {
                        "height": 70,
                      },
                      Object {
                        "paddingBottom": 4,
                        "paddingTop": 24,
                      },
                      Object {
                        "color": "#000000",
                        "fontFamily": "System",
                        "fontSize": 18,
                        "fontWeight": undefined,
                        "textAlignVertical": "center",
                      },
                      Object {
                        "marginRight": 36,
                        "paddingRight": 8,
                      },
                    ]
                  }
                  textContentType="oneTimeCode"
                  underlineColorAndroid="transparent"
                  value=""
                />
              </View>
              <View
                style={
                  Array [
                    Object {
                      "alignItems": "center",
                      "height": 24,
                      "justifyContent": "center",
                      "position": "absolute",
                      "width": 24,
                    },
                    Object {
                      "right": 12,
                      "top": 23,
                    },
                  ]
                }
              >
                <View
                  accessibilityRole="button"
                  accessibilityState={
                    Object {
                      "disabled": undefined,
                    }
                  }
                  accessible={true}
                  focusable={true}
                  hitSlop={
                    Object {
                      "bottom": 6,
                      "left": 6,
                      "right": 6,
                      "top": 6,
                    }
                  }
                  onClick={[Function]}
                  onResponderGrant={[Function]}
                  onResponderMove={[Function]}
                  onResponderRelease={[Function]}
                  onResponderTerminate={[Function]}
                  onResponderTerminationRequest={[Function]}
                  onStartShouldSetResponder={[Function]}
                  style={
                    Array [
                      Object {
                        "overflow": "hidden",
                      },
                      Array [
                        Object {
                          "alignItems": "center",
                          "justifyContent": "center",
                          "margin": 6,
                          "overflow": "hidden",
                        },
                        Object {
                          "borderRadius": 18,
                          "height": 36,
                          "width": 36,
                        },
                        undefined,
                        Object {
                          "margin": 0,
                        },
                      ],
                    ]
                  }
                >
                  <View>
                    <Text />
                  </View>
                </View>
              </View>
            </View>
          </View>
        </View>
      </View>
    </View>
  </RCTScrollView>
</View>
`;
