// Jest Snapshot v1, https://goo.gl/fbAQLP

exports[`Collapsible Appbar Tests Screen Renders 1`] = `
<RCTSafeAreaView
  accessible={true}
  emulateUnlessSupported={true}
  focusable={true}
  onClick={[Function]}
  onResponderGrant={[Function]}
  onResponderMove={[Function]}
  onResponderRelease={[Function]}
  onResponderTerminate={[Function]}
  onResponderTerminationRequest={[Function]}
  onStartShouldSetResponder={[Function]}
  style={
    Object {
      "backgroundColor": "#6200ee",
      "elevation": 0,
      "height": 220,
      "shadowColor": "rgba(0, 0, 0, 0.3)",
      "shadowOffset": Object {
        "height": 1,
        "width": 0,
      },
      "shadowOpacity": 1,
      "shadowRadius": 2,
      "width": "100%",
    }
  }
>
  <Image
    resizeMethod="resize"
    source={
      Object {
        "testUri": "../../../assets/images/farm.jpg",
      }
    }
    style={
      Object {
        "height": 220,
        "opacity": 0.3,
        "position": "absolute",
        "resizeMode": "cover",
        "width": "100%",
      }
    }
    testID="header-background-image"
  />
  <View
    style={
      Object {
        "flex": 1,
        "flexDirection": "row",
        "paddingBottom": 28,
        "paddingHorizontal": 16,
        "paddingTop": 16,
      }
    }
  >
    <View
      style={
        Object {
          "flex": 1,
          "flexDirection": "column",
          "justifyContent": "flex-end",
          "marginRight": 0,
        }
      }
    >
      <View
        style={
          Object {
            "flex": 0,
            "justifyContent": "center",
          }
        }
      >
        <Text
          ellipsizeMode="tail"
          numberOfLines={1}
          style={
            Object {
              "color": "white",
              "fontFamily": "System",
              "fontSize": 30,
              "lineHeight": 30,
            }
          }
          testID="header-title"
        >
          Collapsible Appbar
        </Text>
        <Text
          ellipsizeMode="tail"
          numberOfLines={1}
          style={
            Object {
              "color": "white",
              "fontFamily": "System",
              "fontSize": 20,
              "lineHeight": 21,
              "opacity": 1,
            }
          }
          testID="header-info"
        >
          I'm hidden when collapsed
        </Text>
        <Text
          ellipsizeMode="tail"
          numberOfLines={1}
          style={
            Object {
              "color": "white",
              "fontFamily": "System",
              "fontSize": 18,
              "lineHeight": 18,
            }
          }
          testID="header-subtitle"
        >
          Tap to collapse/expand
        </Text>
      </View>
    </View>
    <View
      style={
        Array [
          Object {
            "alignItems": "center",
            "flexDirection": "row",
            "height": 56,
            "position": "absolute",
            "right": 8,
          },
          undefined,
        ]
      }
    />
  </View>
</RCTSafeAreaView>
`;
