// Jest Snapshot v1, https://goo.gl/fbAQLP

exports[`Loading States Tests Screen Renders 1`] = `
Array [
  <RCTSafeAreaView
    accessible={true}
    emulateUnlessSupported={true}
    focusable={true}
    onClick={[Function]}
    onResponderGrant={[Function]}
    onResponderMove={[Function]}
    onResponderRelease={[Function]}
    onResponderTerminate={[Function]}
    onResponderTerminationRequest={[Function]}
    onStartShouldSetResponder={[Function]}
    style={
      Object {
        "backgroundColor": "#6200ee",
        "elevation": 0,
        "height": 76,
        "shadowColor": "rgba(0, 0, 0, 0.3)",
        "shadowOffset": Object {
          "height": 1,
          "width": 0,
        },
        "shadowOpacity": 1,
        "shadowRadius": 2,
        "width": "100%",
      }
    }
    testID="header"
  >
    <View
      style={
        Object {
          "flex": 1,
          "flexDirection": "row",
          "paddingBottom": 16,
          "paddingHorizontal": 16,
          "paddingTop": 16,
        }
      }
    >
      <View
        accessible={true}
        focusable={true}
        onClick={[Function]}
        onResponderGrant={[Function]}
        onResponderMove={[Function]}
        onResponderRelease={[Function]}
        onResponderTerminate={[Function]}
        onResponderTerminationRequest={[Function]}
        onStartShouldSetResponder={[Function]}
        style={
          Object {
            "height": 40,
            "margin": -8,
            "marginRight": 24,
            "opacity": 1,
            "padding": 8,
            "width": 40,
          }
        }
        testID="header-navigation"
      >
        <Text />
      </View>
      <View
        style={
          Object {
            "flex": 1,
            "flexDirection": "column",
            "justifyContent": "flex-end",
            "marginRight": 40,
          }
        }
      >
        <View
          style={
            Object {
              "flex": 0,
              "justifyContent": "center",
            }
          }
        >
          <Text
            ellipsizeMode="tail"
            numberOfLines={1}
            style={
              Object {
                "color": "white",
                "fontFamily": "System",
                "fontSize": 20,
                "lineHeight": 20,
                "textAlign": "auto",
                "writingDirection": "ltr",
              }
            }
            testID="header-title"
          >
            Loading Example
          </Text>
        </View>
      </View>
      <View
        style={
          Array [
            Object {
              "alignItems": "center",
              "flexDirection": "row",
              "height": 56,
              "position": "absolute",
              "right": 8,
            },
            undefined,
          ]
        }
      >
        <View
          accessible={true}
          focusable={true}
          onClick={[Function]}
          onResponderGrant={[Function]}
          onResponderMove={[Function]}
          onResponderRelease={[Function]}
          onResponderTerminate={[Function]}
          onResponderTerminationRequest={[Function]}
          onStartShouldSetResponder={[Function]}
          style={
            Object {
              "height": 40,
              "opacity": 1,
              "padding": 8,
              "width": 40,
            }
          }
          testID="header-action-item0"
        >
          <Text />
        </View>
      </View>
    </View>
  </RCTSafeAreaView>,
  <RCTScrollView
    contentContainerStyle={
      Object {
        "padding": 16,
      }
    }
  >
    <View>
      <View
        style={
          Object {
            "backgroundColor": "#ffffff",
            "borderRadius": 4,
            "elevation": 1,
            "marginBottom": 16,
            "shadowColor": "#000000",
            "shadowOffset": Object {
              "height": 0.5,
              "width": 0,
            },
            "shadowOpacity": 0.24,
            "shadowRadius": 0.75,
          }
        }
      >
        <View
          accessible={true}
          focusable={false}
          onClick={[Function]}
          onResponderGrant={[Function]}
          onResponderMove={[Function]}
          onResponderRelease={[Function]}
          onResponderTerminate={[Function]}
          onResponderTerminationRequest={[Function]}
          onStartShouldSetResponder={[Function]}
          style={
            Object {
              "flexGrow": 1,
              "flexShrink": 1,
            }
          }
        >
          <View
            style={
              Object {
                "flexDirection": "row",
                "marginHorizontal": 5,
                "marginVertical": 24,
              }
            }
          >
            <View
              style={
                Object {
                  "flex": 1,
                  "marginHorizontal": 8,
                }
              }
            >
              <View
                style={
                  Array [
                    undefined,
                    Object {
                      "flexDirection": "row",
                      "width": "100%",
                    },
                  ]
                }
              >
                <View
                  style={
                    Object {
                      "flex": 1,
                    }
                  }
                >
                  <View
                    style={
                      Array [
                        Object {
                          "backgroundColor": "#efefef",
                          "borderRadius": 3,
                          "height": 40,
                          "width": 40,
                        },
                        Object {
                          "alignSelf": "center",
                          "borderRadius": 24,
                          "marginBottom": 16,
                        },
                        Object {
                          "overflow": "hidden",
                        },
                      ]
                    }
                  >
                    <View
                      style={
                        Object {
                          "backgroundColor": "#dfdfdf",
                          "height": "100%",
                          "opacity": 0.5,
                        }
                      }
                    />
                  </View>
                  <View
                    style={
                      Array [
                        Object {
                          "backgroundColor": "#efefef",
                          "borderRadius": 6,
                          "height": 24,
                          "marginBottom": 24,
                          "width": "100%",
                        },
                        undefined,
                        Object {
                          "overflow": "hidden",
                        },
                      ]
                    }
                  >
                    <View
                      style={
                        Object {
                          "backgroundColor": "#dfdfdf",
                          "height": "100%",
                          "opacity": 0.5,
                        }
                      }
                    />
                  </View>
                </View>
              </View>
            </View>
            <View
              style={
                Object {
                  "flex": 1,
                  "marginHorizontal": 8,
                }
              }
            >
              <View
                style={
                  Array [
                    undefined,
                    Object {
                      "flexDirection": "row",
                      "width": "100%",
                    },
                  ]
                }
              >
                <View
                  style={
                    Object {
                      "flex": 1,
                    }
                  }
                >
                  <View
                    style={
                      Array [
                        Object {
                          "backgroundColor": "#efefef",
                          "borderRadius": 3,
                          "height": 40,
                          "width": 40,
                        },
                        Object {
                          "alignSelf": "center",
                          "borderRadius": 24,
                          "marginBottom": 16,
                        },
                        Object {
                          "overflow": "hidden",
                        },
                      ]
                    }
                  >
                    <View
                      style={
                        Object {
                          "backgroundColor": "#dfdfdf",
                          "height": "100%",
                          "opacity": 0.5,
                        }
                      }
                    />
                  </View>
                  <View
                    style={
                      Array [
                        Object {
                          "backgroundColor": "#efefef",
                          "borderRadius": 6,
                          "height": 24,
                          "marginBottom": 24,
                          "width": "100%",
                        },
                        undefined,
                        Object {
                          "overflow": "hidden",
                        },
                      ]
                    }
                  >
                    <View
                      style={
                        Object {
                          "backgroundColor": "#dfdfdf",
                          "height": "100%",
                          "opacity": 0.5,
                        }
                      }
                    />
                  </View>
                </View>
              </View>
            </View>
            <View
              style={
                Object {
                  "flex": 1,
                  "marginHorizontal": 8,
                }
              }
            >
              <View
                style={
                  Array [
                    undefined,
                    Object {
                      "flexDirection": "row",
                      "width": "100%",
                    },
                  ]
                }
              >
                <View
                  style={
                    Object {
                      "flex": 1,
                    }
                  }
                >
                  <View
                    style={
                      Array [
                        Object {
                          "backgroundColor": "#efefef",
                          "borderRadius": 3,
                          "height": 40,
                          "width": 40,
                        },
                        Object {
                          "alignSelf": "center",
                          "borderRadius": 24,
                          "marginBottom": 16,
                        },
                        Object {
                          "overflow": "hidden",
                        },
                      ]
                    }
                  >
                    <View
                      style={
                        Object {
                          "backgroundColor": "#dfdfdf",
                          "height": "100%",
                          "opacity": 0.5,
                        }
                      }
                    />
                  </View>
                  <View
                    style={
                      Array [
                        Object {
                          "backgroundColor": "#efefef",
                          "borderRadius": 6,
                          "height": 24,
                          "marginBottom": 24,
                          "width": "100%",
                        },
                        undefined,
                        Object {
                          "overflow": "hidden",
                        },
                      ]
                    }
                  >
                    <View
                      style={
                        Object {
                          "backgroundColor": "#dfdfdf",
                          "height": "100%",
                          "opacity": 0.5,
                        }
                      }
                    />
                  </View>
                </View>
              </View>
            </View>
          </View>
          <View
            style={
              Object {
                "margin": 16,
              }
            }
          >
            <View
              style={
                Array [
                  undefined,
                  Object {
                    "flexDirection": "row",
                    "width": "100%",
                  },
                ]
              }
            >
              <View
                style={
                  Object {
                    "flex": 1,
                  }
                }
              >
                <View
                  style={
                    Array [
                      Object {
                        "backgroundColor": "#efefef",
                        "borderRadius": 4,
                        "height": 16,
                        "marginBottom": 16,
                        "width": "100%",
                      },
                      undefined,
                      Object {
                        "overflow": "hidden",
                      },
                    ]
                  }
                >
                  <View
                    style={
                      Object {
                        "backgroundColor": "#dfdfdf",
                        "height": "100%",
                        "opacity": 0.5,
                      }
                    }
                  />
                </View>
              </View>
            </View>
          </View>
          <View
            style={
              Object {
                "margin": 16,
              }
            }
          >
            <View
              style={
                Array [
                  undefined,
                  Object {
                    "flexDirection": "row",
                    "width": "100%",
                  },
                ]
              }
            >
              <View
                style={
                  Object {
                    "flex": 1,
                  }
                }
              >
                <View
                  style={
                    Array [
                      Object {
                        "backgroundColor": "#efefef",
                        "borderRadius": 4,
                        "height": 16,
                        "marginBottom": 16,
                        "width": "100%",
                      },
                      undefined,
                      Object {
                        "overflow": "hidden",
                      },
                    ]
                  }
                >
                  <View
                    style={
                      Object {
                        "backgroundColor": "#dfdfdf",
                        "height": "100%",
                        "opacity": 0.5,
                      }
                    }
                  />
                </View>
              </View>
            </View>
          </View>
          <View
            style={
              Object {
                "margin": 16,
              }
            }
          >
            <View
              style={
                Array [
                  undefined,
                  Object {
                    "flexDirection": "row",
                    "width": "100%",
                  },
                ]
              }
            >
              <View
                style={
                  Object {
                    "flex": 1,
                  }
                }
              >
                <View
                  style={
                    Array [
                      Object {
                        "backgroundColor": "#efefef",
                        "borderRadius": 4,
                        "height": 16,
                        "marginBottom": 16,
                        "width": "100%",
                      },
                      undefined,
                      Object {
                        "overflow": "hidden",
                      },
                    ]
                  }
                >
                  <View
                    style={
                      Object {
                        "backgroundColor": "#dfdfdf",
                        "height": "100%",
                        "opacity": 0.5,
                      }
                    }
                  />
                </View>
              </View>
            </View>
          </View>
        </View>
      </View>
      <View
        style={
          Object {
            "backgroundColor": "#ffffff",
            "borderRadius": 4,
            "elevation": 1,
            "marginBottom": 16,
            "shadowColor": "#000000",
            "shadowOffset": Object {
              "height": 0.5,
              "width": 0,
            },
            "shadowOpacity": 0.24,
            "shadowRadius": 0.75,
          }
        }
      >
        <View
          accessible={true}
          focusable={false}
          onClick={[Function]}
          onResponderGrant={[Function]}
          onResponderMove={[Function]}
          onResponderRelease={[Function]}
          onResponderTerminate={[Function]}
          onResponderTerminationRequest={[Function]}
          onStartShouldSetResponder={[Function]}
          style={
            Object {
              "flexGrow": 1,
              "flexShrink": 1,
            }
          }
        >
          <View
            style={
              Object {
                "flexDirection": "row",
                "marginHorizontal": 5,
                "marginVertical": 24,
              }
            }
          >
            <View
              style={
                Object {
                  "flex": 1,
                  "marginHorizontal": 8,
                }
              }
            >
              <View
                style={
                  Array [
                    undefined,
                    Object {
                      "flexDirection": "row",
                      "width": "100%",
                    },
                  ]
                }
              >
                <View
                  style={
                    Object {
                      "flex": 1,
                    }
                  }
                >
                  <View
                    style={
                      Array [
                        Object {
                          "backgroundColor": "#efefef",
                          "borderRadius": 3,
                          "height": 40,
                          "width": 40,
                        },
                        Object {
                          "alignSelf": "center",
                          "borderRadius": 24,
                          "marginBottom": 16,
                        },
                        Object {
                          "overflow": "hidden",
                        },
                      ]
                    }
                  >
                    <View
                      style={
                        Object {
                          "backgroundColor": "#dfdfdf",
                          "height": "100%",
                          "opacity": 0.5,
                        }
                      }
                    />
                  </View>
                  <View
                    style={
                      Array [
                        Object {
                          "backgroundColor": "#efefef",
                          "borderRadius": 6,
                          "height": 24,
                          "marginBottom": 24,
                          "width": "100%",
                        },
                        undefined,
                        Object {
                          "overflow": "hidden",
                        },
                      ]
                    }
                  >
                    <View
                      style={
                        Object {
                          "backgroundColor": "#dfdfdf",
                          "height": "100%",
                          "opacity": 0.5,
                        }
                      }
                    />
                  </View>
                </View>
              </View>
            </View>
            <View
              style={
                Object {
                  "flex": 1,
                  "marginHorizontal": 8,
                }
              }
            >
              <View
                style={
                  Array [
                    undefined,
                    Object {
                      "flexDirection": "row",
                      "width": "100%",
                    },
                  ]
                }
              >
                <View
                  style={
                    Object {
                      "flex": 1,
                    }
                  }
                >
                  <View
                    style={
                      Array [
                        Object {
                          "backgroundColor": "#efefef",
                          "borderRadius": 3,
                          "height": 40,
                          "width": 40,
                        },
                        Object {
                          "alignSelf": "center",
                          "borderRadius": 24,
                          "marginBottom": 16,
                        },
                        Object {
                          "overflow": "hidden",
                        },
                      ]
                    }
                  >
                    <View
                      style={
                        Object {
                          "backgroundColor": "#dfdfdf",
                          "height": "100%",
                          "opacity": 0.5,
                        }
                      }
                    />
                  </View>
                  <View
                    style={
                      Array [
                        Object {
                          "backgroundColor": "#efefef",
                          "borderRadius": 6,
                          "height": 24,
                          "marginBottom": 24,
                          "width": "100%",
                        },
                        undefined,
                        Object {
                          "overflow": "hidden",
                        },
                      ]
                    }
                  >
                    <View
                      style={
                        Object {
                          "backgroundColor": "#dfdfdf",
                          "height": "100%",
                          "opacity": 0.5,
                        }
                      }
                    />
                  </View>
                </View>
              </View>
            </View>
            <View
              style={
                Object {
                  "flex": 1,
                  "marginHorizontal": 8,
                }
              }
            >
              <View
                style={
                  Array [
                    undefined,
                    Object {
                      "flexDirection": "row",
                      "width": "100%",
                    },
                  ]
                }
              >
                <View
                  style={
                    Object {
                      "flex": 1,
                    }
                  }
                >
                  <View
                    style={
                      Array [
                        Object {
                          "backgroundColor": "#efefef",
                          "borderRadius": 3,
                          "height": 40,
                          "width": 40,
                        },
                        Object {
                          "alignSelf": "center",
                          "borderRadius": 24,
                          "marginBottom": 16,
                        },
                        Object {
                          "overflow": "hidden",
                        },
                      ]
                    }
                  >
                    <View
                      style={
                        Object {
                          "backgroundColor": "#dfdfdf",
                          "height": "100%",
                          "opacity": 0.5,
                        }
                      }
                    />
                  </View>
                  <View
                    style={
                      Array [
                        Object {
                          "backgroundColor": "#efefef",
                          "borderRadius": 6,
                          "height": 24,
                          "marginBottom": 24,
                          "width": "100%",
                        },
                        undefined,
                        Object {
                          "overflow": "hidden",
                        },
                      ]
                    }
                  >
                    <View
                      style={
                        Object {
                          "backgroundColor": "#dfdfdf",
                          "height": "100%",
                          "opacity": 0.5,
                        }
                      }
                    />
                  </View>
                </View>
              </View>
            </View>
          </View>
          <View
            style={
              Object {
                "margin": 16,
              }
            }
          >
            <View
              style={
                Array [
                  undefined,
                  Object {
                    "flexDirection": "row",
                    "width": "100%",
                  },
                ]
              }
            >
              <View
                style={
                  Object {
                    "flex": 1,
                  }
                }
              >
                <View
                  style={
                    Array [
                      Object {
                        "backgroundColor": "#efefef",
                        "borderRadius": 4,
                        "height": 16,
                        "marginBottom": 16,
                        "width": "100%",
                      },
                      undefined,
                      Object {
                        "overflow": "hidden",
                      },
                    ]
                  }
                >
                  <View
                    style={
                      Object {
                        "backgroundColor": "#dfdfdf",
                        "height": "100%",
                        "opacity": 0.5,
                      }
                    }
                  />
                </View>
              </View>
            </View>
          </View>
          <View
            style={
              Object {
                "margin": 16,
              }
            }
          >
            <View
              style={
                Array [
                  undefined,
                  Object {
                    "flexDirection": "row",
                    "width": "100%",
                  },
                ]
              }
            >
              <View
                style={
                  Object {
                    "flex": 1,
                  }
                }
              >
                <View
                  style={
                    Array [
                      Object {
                        "backgroundColor": "#efefef",
                        "borderRadius": 4,
                        "height": 16,
                        "marginBottom": 16,
                        "width": "100%",
                      },
                      undefined,
                      Object {
                        "overflow": "hidden",
                      },
                    ]
                  }
                >
                  <View
                    style={
                      Object {
                        "backgroundColor": "#dfdfdf",
                        "height": "100%",
                        "opacity": 0.5,
                      }
                    }
                  />
                </View>
              </View>
            </View>
          </View>
          <View
            style={
              Object {
                "margin": 16,
              }
            }
          >
            <View
              style={
                Array [
                  undefined,
                  Object {
                    "flexDirection": "row",
                    "width": "100%",
                  },
                ]
              }
            >
              <View
                style={
                  Object {
                    "flex": 1,
                  }
                }
              >
                <View
                  style={
                    Array [
                      Object {
                        "backgroundColor": "#efefef",
                        "borderRadius": 4,
                        "height": 16,
                        "marginBottom": 16,
                        "width": "100%",
                      },
                      undefined,
                      Object {
                        "overflow": "hidden",
                      },
                    ]
                  }
                >
                  <View
                    style={
                      Object {
                        "backgroundColor": "#dfdfdf",
                        "height": "100%",
                        "opacity": 0.5,
                      }
                    }
                  />
                </View>
              </View>
            </View>
          </View>
        </View>
      </View>
      <View
        style={
          Object {
            "backgroundColor": "#ffffff",
            "borderRadius": 4,
            "elevation": 1,
            "marginBottom": 16,
            "shadowColor": "#000000",
            "shadowOffset": Object {
              "height": 0.5,
              "width": 0,
            },
            "shadowOpacity": 0.24,
            "shadowRadius": 0.75,
          }
        }
      >
        <View
          accessible={true}
          focusable={false}
          onClick={[Function]}
          onResponderGrant={[Function]}
          onResponderMove={[Function]}
          onResponderRelease={[Function]}
          onResponderTerminate={[Function]}
          onResponderTerminationRequest={[Function]}
          onStartShouldSetResponder={[Function]}
          style={
            Object {
              "flexGrow": 1,
              "flexShrink": 1,
            }
          }
        >
          <View
            style={
              Object {
                "flexDirection": "row",
                "marginHorizontal": 5,
                "marginVertical": 24,
              }
            }
          >
            <View
              style={
                Object {
                  "flex": 1,
                  "marginHorizontal": 8,
                }
              }
            >
              <View
                style={
                  Array [
                    undefined,
                    Object {
                      "flexDirection": "row",
                      "width": "100%",
                    },
                  ]
                }
              >
                <View
                  style={
                    Object {
                      "flex": 1,
                    }
                  }
                >
                  <View
                    style={
                      Array [
                        Object {
                          "backgroundColor": "#efefef",
                          "borderRadius": 3,
                          "height": 40,
                          "width": 40,
                        },
                        Object {
                          "alignSelf": "center",
                          "borderRadius": 24,
                          "marginBottom": 16,
                        },
                        Object {
                          "overflow": "hidden",
                        },
                      ]
                    }
                  >
                    <View
                      style={
                        Object {
                          "backgroundColor": "#dfdfdf",
                          "height": "100%",
                          "opacity": 0.5,
                        }
                      }
                    />
                  </View>
                  <View
                    style={
                      Array [
                        Object {
                          "backgroundColor": "#efefef",
                          "borderRadius": 6,
                          "height": 24,
                          "marginBottom": 24,
                          "width": "100%",
                        },
                        undefined,
                        Object {
                          "overflow": "hidden",
                        },
                      ]
                    }
                  >
                    <View
                      style={
                        Object {
                          "backgroundColor": "#dfdfdf",
                          "height": "100%",
                          "opacity": 0.5,
                        }
                      }
                    />
                  </View>
                </View>
              </View>
            </View>
            <View
              style={
                Object {
                  "flex": 1,
                  "marginHorizontal": 8,
                }
              }
            >
              <View
                style={
                  Array [
                    undefined,
                    Object {
                      "flexDirection": "row",
                      "width": "100%",
                    },
                  ]
                }
              >
                <View
                  style={
                    Object {
                      "flex": 1,
                    }
                  }
                >
                  <View
                    style={
                      Array [
                        Object {
                          "backgroundColor": "#efefef",
                          "borderRadius": 3,
                          "height": 40,
                          "width": 40,
                        },
                        Object {
                          "alignSelf": "center",
                          "borderRadius": 24,
                          "marginBottom": 16,
                        },
                        Object {
                          "overflow": "hidden",
                        },
                      ]
                    }
                  >
                    <View
                      style={
                        Object {
                          "backgroundColor": "#dfdfdf",
                          "height": "100%",
                          "opacity": 0.5,
                        }
                      }
                    />
                  </View>
                  <View
                    style={
                      Array [
                        Object {
                          "backgroundColor": "#efefef",
                          "borderRadius": 6,
                          "height": 24,
                          "marginBottom": 24,
                          "width": "100%",
                        },
                        undefined,
                        Object {
                          "overflow": "hidden",
                        },
                      ]
                    }
                  >
                    <View
                      style={
                        Object {
                          "backgroundColor": "#dfdfdf",
                          "height": "100%",
                          "opacity": 0.5,
                        }
                      }
                    />
                  </View>
                </View>
              </View>
            </View>
            <View
              style={
                Object {
                  "flex": 1,
                  "marginHorizontal": 8,
                }
              }
            >
              <View
                style={
                  Array [
                    undefined,
                    Object {
                      "flexDirection": "row",
                      "width": "100%",
                    },
                  ]
                }
              >
                <View
                  style={
                    Object {
                      "flex": 1,
                    }
                  }
                >
                  <View
                    style={
                      Array [
                        Object {
                          "backgroundColor": "#efefef",
                          "borderRadius": 3,
                          "height": 40,
                          "width": 40,
                        },
                        Object {
                          "alignSelf": "center",
                          "borderRadius": 24,
                          "marginBottom": 16,
                        },
                        Object {
                          "overflow": "hidden",
                        },
                      ]
                    }
                  >
                    <View
                      style={
                        Object {
                          "backgroundColor": "#dfdfdf",
                          "height": "100%",
                          "opacity": 0.5,
                        }
                      }
                    />
                  </View>
                  <View
                    style={
                      Array [
                        Object {
                          "backgroundColor": "#efefef",
                          "borderRadius": 6,
                          "height": 24,
                          "marginBottom": 24,
                          "width": "100%",
                        },
                        undefined,
                        Object {
                          "overflow": "hidden",
                        },
                      ]
                    }
                  >
                    <View
                      style={
                        Object {
                          "backgroundColor": "#dfdfdf",
                          "height": "100%",
                          "opacity": 0.5,
                        }
                      }
                    />
                  </View>
                </View>
              </View>
            </View>
          </View>
          <View
            style={
              Object {
                "margin": 16,
              }
            }
          >
            <View
              style={
                Array [
                  undefined,
                  Object {
                    "flexDirection": "row",
                    "width": "100%",
                  },
                ]
              }
            >
              <View
                style={
                  Object {
                    "flex": 1,
                  }
                }
              >
                <View
                  style={
                    Array [
                      Object {
                        "backgroundColor": "#efefef",
                        "borderRadius": 4,
                        "height": 16,
                        "marginBottom": 16,
                        "width": "100%",
                      },
                      undefined,
                      Object {
                        "overflow": "hidden",
                      },
                    ]
                  }
                >
                  <View
                    style={
                      Object {
                        "backgroundColor": "#dfdfdf",
                        "height": "100%",
                        "opacity": 0.5,
                      }
                    }
                  />
                </View>
              </View>
            </View>
          </View>
          <View
            style={
              Object {
                "margin": 16,
              }
            }
          >
            <View
              style={
                Array [
                  undefined,
                  Object {
                    "flexDirection": "row",
                    "width": "100%",
                  },
                ]
              }
            >
              <View
                style={
                  Object {
                    "flex": 1,
                  }
                }
              >
                <View
                  style={
                    Array [
                      Object {
                        "backgroundColor": "#efefef",
                        "borderRadius": 4,
                        "height": 16,
                        "marginBottom": 16,
                        "width": "100%",
                      },
                      undefined,
                      Object {
                        "overflow": "hidden",
                      },
                    ]
                  }
                >
                  <View
                    style={
                      Object {
                        "backgroundColor": "#dfdfdf",
                        "height": "100%",
                        "opacity": 0.5,
                      }
                    }
                  />
                </View>
              </View>
            </View>
          </View>
          <View
            style={
              Object {
                "margin": 16,
              }
            }
          >
            <View
              style={
                Array [
                  undefined,
                  Object {
                    "flexDirection": "row",
                    "width": "100%",
                  },
                ]
              }
            >
              <View
                style={
                  Object {
                    "flex": 1,
                  }
                }
              >
                <View
                  style={
                    Array [
                      Object {
                        "backgroundColor": "#efefef",
                        "borderRadius": 4,
                        "height": 16,
                        "marginBottom": 16,
                        "width": "100%",
                      },
                      undefined,
                      Object {
                        "overflow": "hidden",
                      },
                    ]
                  }
                >
                  <View
                    style={
                      Object {
                        "backgroundColor": "#dfdfdf",
                        "height": "100%",
                        "opacity": 0.5,
                      }
                    }
                  />
                </View>
              </View>
            </View>
          </View>
        </View>
      </View>
      <View
        style={
          Object {
            "backgroundColor": "#ffffff",
            "borderRadius": 4,
            "elevation": 1,
            "marginBottom": 16,
            "shadowColor": "#000000",
            "shadowOffset": Object {
              "height": 0.5,
              "width": 0,
            },
            "shadowOpacity": 0.24,
            "shadowRadius": 0.75,
          }
        }
      >
        <View
          accessible={true}
          focusable={false}
          onClick={[Function]}
          onResponderGrant={[Function]}
          onResponderMove={[Function]}
          onResponderRelease={[Function]}
          onResponderTerminate={[Function]}
          onResponderTerminationRequest={[Function]}
          onStartShouldSetResponder={[Function]}
          style={
            Object {
              "flexGrow": 1,
              "flexShrink": 1,
            }
          }
        >
          <View
            style={
              Object {
                "flexDirection": "row",
                "marginHorizontal": 5,
                "marginVertical": 24,
              }
            }
          >
            <View
              style={
                Object {
                  "flex": 1,
                  "marginHorizontal": 8,
                }
              }
            >
              <View
                style={
                  Array [
                    undefined,
                    Object {
                      "flexDirection": "row",
                      "width": "100%",
                    },
                  ]
                }
              >
                <View
                  style={
                    Object {
                      "flex": 1,
                    }
                  }
                >
                  <View
                    style={
                      Array [
                        Object {
                          "backgroundColor": "#efefef",
                          "borderRadius": 3,
                          "height": 40,
                          "width": 40,
                        },
                        Object {
                          "alignSelf": "center",
                          "borderRadius": 24,
                          "marginBottom": 16,
                        },
                        Object {
                          "overflow": "hidden",
                        },
                      ]
                    }
                  >
                    <View
                      style={
                        Object {
                          "backgroundColor": "#dfdfdf",
                          "height": "100%",
                          "opacity": 0.5,
                        }
                      }
                    />
                  </View>
                  <View
                    style={
                      Array [
                        Object {
                          "backgroundColor": "#efefef",
                          "borderRadius": 6,
                          "height": 24,
                          "marginBottom": 24,
                          "width": "100%",
                        },
                        undefined,
                        Object {
                          "overflow": "hidden",
                        },
                      ]
                    }
                  >
                    <View
                      style={
                        Object {
                          "backgroundColor": "#dfdfdf",
                          "height": "100%",
                          "opacity": 0.5,
                        }
                      }
                    />
                  </View>
                </View>
              </View>
            </View>
            <View
              style={
                Object {
                  "flex": 1,
                  "marginHorizontal": 8,
                }
              }
            >
              <View
                style={
                  Array [
                    undefined,
                    Object {
                      "flexDirection": "row",
                      "width": "100%",
                    },
                  ]
                }
              >
                <View
                  style={
                    Object {
                      "flex": 1,
                    }
                  }
                >
                  <View
                    style={
                      Array [
                        Object {
                          "backgroundColor": "#efefef",
                          "borderRadius": 3,
                          "height": 40,
                          "width": 40,
                        },
                        Object {
                          "alignSelf": "center",
                          "borderRadius": 24,
                          "marginBottom": 16,
                        },
                        Object {
                          "overflow": "hidden",
                        },
                      ]
                    }
                  >
                    <View
                      style={
                        Object {
                          "backgroundColor": "#dfdfdf",
                          "height": "100%",
                          "opacity": 0.5,
                        }
                      }
                    />
                  </View>
                  <View
                    style={
                      Array [
                        Object {
                          "backgroundColor": "#efefef",
                          "borderRadius": 6,
                          "height": 24,
                          "marginBottom": 24,
                          "width": "100%",
                        },
                        undefined,
                        Object {
                          "overflow": "hidden",
                        },
                      ]
                    }
                  >
                    <View
                      style={
                        Object {
                          "backgroundColor": "#dfdfdf",
                          "height": "100%",
                          "opacity": 0.5,
                        }
                      }
                    />
                  </View>
                </View>
              </View>
            </View>
            <View
              style={
                Object {
                  "flex": 1,
                  "marginHorizontal": 8,
                }
              }
            >
              <View
                style={
                  Array [
                    undefined,
                    Object {
                      "flexDirection": "row",
                      "width": "100%",
                    },
                  ]
                }
              >
                <View
                  style={
                    Object {
                      "flex": 1,
                    }
                  }
                >
                  <View
                    style={
                      Array [
                        Object {
                          "backgroundColor": "#efefef",
                          "borderRadius": 3,
                          "height": 40,
                          "width": 40,
                        },
                        Object {
                          "alignSelf": "center",
                          "borderRadius": 24,
                          "marginBottom": 16,
                        },
                        Object {
                          "overflow": "hidden",
                        },
                      ]
                    }
                  >
                    <View
                      style={
                        Object {
                          "backgroundColor": "#dfdfdf",
                          "height": "100%",
                          "opacity": 0.5,
                        }
                      }
                    />
                  </View>
                  <View
                    style={
                      Array [
                        Object {
                          "backgroundColor": "#efefef",
                          "borderRadius": 6,
                          "height": 24,
                          "marginBottom": 24,
                          "width": "100%",
                        },
                        undefined,
                        Object {
                          "overflow": "hidden",
                        },
                      ]
                    }
                  >
                    <View
                      style={
                        Object {
                          "backgroundColor": "#dfdfdf",
                          "height": "100%",
                          "opacity": 0.5,
                        }
                      }
                    />
                  </View>
                </View>
              </View>
            </View>
          </View>
          <View
            style={
              Object {
                "margin": 16,
              }
            }
          >
            <View
              style={
                Array [
                  undefined,
                  Object {
                    "flexDirection": "row",
                    "width": "100%",
                  },
                ]
              }
            >
              <View
                style={
                  Object {
                    "flex": 1,
                  }
                }
              >
                <View
                  style={
                    Array [
                      Object {
                        "backgroundColor": "#efefef",
                        "borderRadius": 4,
                        "height": 16,
                        "marginBottom": 16,
                        "width": "100%",
                      },
                      undefined,
                      Object {
                        "overflow": "hidden",
                      },
                    ]
                  }
                >
                  <View
                    style={
                      Object {
                        "backgroundColor": "#dfdfdf",
                        "height": "100%",
                        "opacity": 0.5,
                      }
                    }
                  />
                </View>
              </View>
            </View>
          </View>
          <View
            style={
              Object {
                "margin": 16,
              }
            }
          >
            <View
              style={
                Array [
                  undefined,
                  Object {
                    "flexDirection": "row",
                    "width": "100%",
                  },
                ]
              }
            >
              <View
                style={
                  Object {
                    "flex": 1,
                  }
                }
              >
                <View
                  style={
                    Array [
                      Object {
                        "backgroundColor": "#efefef",
                        "borderRadius": 4,
                        "height": 16,
                        "marginBottom": 16,
                        "width": "100%",
                      },
                      undefined,
                      Object {
                        "overflow": "hidden",
                      },
                    ]
                  }
                >
                  <View
                    style={
                      Object {
                        "backgroundColor": "#dfdfdf",
                        "height": "100%",
                        "opacity": 0.5,
                      }
                    }
                  />
                </View>
              </View>
            </View>
          </View>
          <View
            style={
              Object {
                "margin": 16,
              }
            }
          >
            <View
              style={
                Array [
                  undefined,
                  Object {
                    "flexDirection": "row",
                    "width": "100%",
                  },
                ]
              }
            >
              <View
                style={
                  Object {
                    "flex": 1,
                  }
                }
              >
                <View
                  style={
                    Array [
                      Object {
                        "backgroundColor": "#efefef",
                        "borderRadius": 4,
                        "height": 16,
                        "marginBottom": 16,
                        "width": "100%",
                      },
                      undefined,
                      Object {
                        "overflow": "hidden",
                      },
                    ]
                  }
                >
                  <View
                    style={
                      Object {
                        "backgroundColor": "#dfdfdf",
                        "height": "100%",
                        "opacity": 0.5,
                      }
                    }
                  />
                </View>
              </View>
            </View>
          </View>
        </View>
      </View>
    </View>
  </RCTScrollView>,
]
`;
