// Jest Snapshot v1, https://goo.gl/fbAQLP

exports[`SearchBar Tests renders the screen 1`] = `
<View
  style={
    Object {
      "backgroundColor": "#ffffff",
      "flex": 1,
    }
  }
>
  <RCTSafeAreaView
    accessible={true}
    emulateUnlessSupported={true}
    focusable={true}
    onClick={[Function]}
    onResponderGrant={[Function]}
    onResponderMove={[Function]}
    onResponderRelease={[Function]}
    onResponderTerminate={[Function]}
    onResponderTerminationRequest={[Function]}
    onStartShouldSetResponder={[Function]}
    style={
      Object {
        "backgroundColor": "#6200ee",
        "elevation": 0,
        "height": 76,
        "shadowColor": "rgba(0, 0, 0, 0.3)",
        "shadowOffset": Object {
          "height": 1,
          "width": 0,
        },
        "shadowOpacity": 1,
        "shadowRadius": 2,
        "width": "100%",
      }
    }
  >
    <View
      style={
        Object {
          "flex": 1,
          "flexDirection": "row",
          "paddingBottom": 16,
          "paddingHorizontal": 16,
          "paddingTop": 16,
        }
      }
    >
      <View
        accessible={true}
        focusable={true}
        onClick={[Function]}
        onResponderGrant={[Function]}
        onResponderMove={[Function]}
        onResponderRelease={[Function]}
        onResponderTerminate={[Function]}
        onResponderTerminationRequest={[Function]}
        onStartShouldSetResponder={[Function]}
        style={
          Object {
            "height": 40,
            "margin": -8,
            "marginRight": 24,
            "opacity": 1,
            "padding": 8,
            "width": 40,
          }
        }
        testID="header-navigation"
      >
        <Text />
      </View>
      <View
        style={
          Object {
            "flex": 1,
            "flexDirection": "column",
            "justifyContent": "flex-end",
            "marginRight": 40,
          }
        }
      >
        <View
          style={
            Object {
              "flex": 0,
              "justifyContent": "center",
            }
          }
        >
          <Text
            ellipsizeMode="tail"
            numberOfLines={1}
            style={
              Object {
                "color": "white",
                "fontFamily": "System",
                "fontSize": 20,
                "lineHeight": 20,
                "textAlign": "auto",
                "writingDirection": "ltr",
              }
            }
            testID="header-title"
          >
            Search Bar
          </Text>
        </View>
      </View>
      <View
        style={
          Array [
            Object {
              "alignItems": "center",
              "flexDirection": "row",
              "height": 56,
              "position": "absolute",
              "right": 8,
            },
            undefined,
          ]
        }
      >
        <View
          accessible={true}
          focusable={true}
          onClick={[Function]}
          onResponderGrant={[Function]}
          onResponderMove={[Function]}
          onResponderRelease={[Function]}
          onResponderTerminate={[Function]}
          onResponderTerminationRequest={[Function]}
          onStartShouldSetResponder={[Function]}
          style={
            Object {
              "height": 40,
              "opacity": 1,
              "padding": 8,
              "width": 40,
            }
          }
          testID="header-action-item0"
        >
          <Text
            allowFontScaling={false}
            style={
              Array [
                Object {
                  "color": "white",
                  "fontSize": 24,
                },
                Object {},
                Object {
                  "fontFamily": "Material Icons",
                  "fontStyle": "normal",
                  "fontWeight": "normal",
                },
                Object {},
              ]
            }
            testID="icon"
          >
            
          </Text>
        </View>
      </View>
    </View>
  </RCTSafeAreaView>
  <RCTScrollView
    data={
      Array [
        Object {
          "birthYear": 1732,
          "deathYear": 1799,
          "leftOffice": "1797-03-04",
          "number": 1,
          "party": "No Party",
          "president": "George Washington",
          "tookOffice": "1789-04-30",
        },
        Object {
          "birthYear": 1735,
          "deathYear": 1826,
          "leftOffice": "1801-03-04",
          "number": 2,
          "party": "Federalist",
          "president": "John Adams",
          "tookOffice": "1797-03-04",
        },
        Object {
          "birthYear": 1743,
          "deathYear": 1826,
          "leftOffice": "1809-03-04",
          "number": 3,
          "party": "Democratic-Republican",
          "president": "Thomas Jefferson",
          "tookOffice": "1801-03-04",
        },
        Object {
          "birthYear": 1751,
          "deathYear": 1836,
          "leftOffice": "1817-03-04",
          "number": 4,
          "party": "Democratic-Republican",
          "president": "James Madison",
          "tookOffice": "1809-03-04",
        },
        Object {
          "birthYear": 1758,
          "deathYear": 1831,
          "leftOffice": "1825-03-04",
          "number": 5,
          "party": "Democratic-Republican",
          "president": "James Monroe",
          "tookOffice": "1817-03-04",
        },
        Object {
          "birthYear": 1767,
          "deathYear": 1848,
          "leftOffice": "1829-03-04",
          "number": 6,
          "party": "Democratic-Republican",
          "president": "John Quincy Adams",
          "tookOffice": "1825-03-04",
        },
        Object {
          "birthYear": 1767,
          "deathYear": 1845,
          "leftOffice": "1837-03-04",
          "number": 7,
          "party": "Democratic",
          "president": "Andrew Jackson",
          "tookOffice": "1829-03-04",
        },
        Object {
          "birthYear": 1782,
          "deathYear": 1862,
          "leftOffice": "1841-03-04",
          "number": 8,
          "party": "Democratic",
          "president": "Martin Van Buren",
          "tookOffice": "1837-03-04",
        },
        Object {
          "birthYear": 1773,
          "deathYear": 1841,
          "leftOffice": "1841-04-04",
          "number": 9,
          "party": "Whig",
          "president": "William Henry Harrison",
          "tookOffice": "1841-03-04",
        },
        Object {
          "birthYear": 1790,
          "deathYear": 1862,
          "leftOffice": "1845-03-04",
          "number": 10,
          "party": "Whig",
          "president": "John Tyler",
          "tookOffice": "1841-04-04",
        },
        Object {
          "birthYear": 1795,
          "deathYear": 1849,
          "leftOffice": "1849-03-04",
          "number": 11,
          "party": "Democratic",
          "president": "James K. Polk",
          "tookOffice": "1845-03-04",
        },
        Object {
          "birthYear": 1784,
          "deathYear": 1850,
          "leftOffice": "1850-07-09",
          "number": 12,
          "party": "Whig",
          "president": "Zachary Taylor",
          "tookOffice": "1849-03-04",
        },
        Object {
          "birthYear": 1800,
          "deathYear": 1874,
          "leftOffice": "1853-03-04",
          "number": 13,
          "party": "Whig",
          "president": "Millard Fillmore",
          "tookOffice": "1850-07-09",
        },
        Object {
          "birthYear": 1804,
          "deathYear": 1869,
          "leftOffice": "1857-03-04",
          "number": 14,
          "party": "Democratic",
          "president": "Franklin Pierce",
          "tookOffice": "1853-03-04",
        },
        Object {
          "birthYear": 1791,
          "deathYear": 1868,
          "leftOffice": "1861-03-04",
          "number": 15,
          "party": "Democratic",
          "president": "James Buchanan",
          "tookOffice": "1857-03-04",
        },
        Object {
          "birthYear": 1809,
          "deathYear": 1865,
          "leftOffice": "1865-04-15",
          "number": 16,
          "party": "Republican",
          "president": "Abraham Lincoln",
          "tookOffice": "1861-03-04",
        },
        Object {
          "birthYear": 1808,
          "deathYear": 1875,
          "leftOffice": "1869-03-04",
          "number": 17,
          "party": "Democratic",
          "president": "Andrew Johnson",
          "tookOffice": "1865-04-15",
        },
        Object {
          "birthYear": 1822,
          "deathYear": 1885,
          "leftOffice": "1877-03-04",
          "number": 18,
          "party": "Republican",
          "president": "Ulysses S. Grant",
          "tookOffice": "1869-03-04",
        },
        Object {
          "birthYear": 1822,
          "deathYear": 1893,
          "leftOffice": "1881-03-04",
          "number": 19,
          "party": "Republican",
          "president": "Rutherford B. Hayes",
          "tookOffice": "1877-03-04",
        },
        Object {
          "birthYear": 1831,
          "deathYear": 1881,
          "leftOffice": "1881-09-19",
          "number": 20,
          "party": "Republican",
          "president": "James A. Garfield",
          "tookOffice": "1881-03-04",
        },
        Object {
          "birthYear": 1829,
          "deathYear": 1886,
          "leftOffice": "1885-03-04",
          "number": 21,
          "party": "Republican",
          "president": "Chester A. Arthur",
          "tookOffice": "1881-09-19",
        },
        Object {
          "birthYear": 1837,
          "deathYear": 1908,
          "leftOffice": "1889-03-04",
          "number": 22,
          "party": "Democratic",
          "president": "Grover Cleveland",
          "tookOffice": "1885-03-04",
        },
        Object {
          "birthYear": 1833,
          "deathYear": 1901,
          "leftOffice": "1893-03-04",
          "number": 23,
          "party": "Republican",
          "president": "Benjamin Harrison",
          "tookOffice": "1889-03-04",
        },
        Object {
          "birthYear": 1837,
          "deathYear": 1908,
          "leftOffice": "1897-03-04",
          "number": 24,
          "party": "Democratic",
          "president": "Grover Cleveland",
          "tookOffice": "1893-03-04",
        },
        Object {
          "birthYear": 1843,
          "deathYear": 1901,
          "leftOffice": "1901-09-14",
          "number": 25,
          "party": "Republican",
          "president": "William McKinley",
          "tookOffice": "1897-03-04",
        },
        Object {
          "birthYear": 1858,
          "deathYear": 1919,
          "leftOffice": "1909-03-04",
          "number": 26,
          "party": "Republican",
          "president": "Theodore Roosevelt",
          "tookOffice": "1901-09-14",
        },
        Object {
          "birthYear": 1857,
          "deathYear": 1930,
          "leftOffice": "1913-03-04",
          "number": 27,
          "party": "Republican",
          "president": "William Howard Taft",
          "tookOffice": "1909-03-04",
        },
        Object {
          "birthYear": 1856,
          "deathYear": 1924,
          "leftOffice": "1921-03-04",
          "number": 28,
          "party": "Democratic",
          "president": "Woodrow Wilson",
          "tookOffice": "1913-03-04",
        },
        Object {
          "birthYear": 1865,
          "deathYear": 1923,
          "leftOffice": "1923-08-02",
          "number": 29,
          "party": "Republican",
          "president": "Warren G. Harding",
          "tookOffice": "1921-03-04",
        },
        Object {
          "birthYear": 1872,
          "deathYear": 1933,
          "leftOffice": "1929-03-04",
          "number": 30,
          "party": "Republican",
          "president": "Calvin Coolidge",
          "tookOffice": "1923-08-02",
        },
        Object {
          "birthYear": 1874,
          "deathYear": 1964,
          "leftOffice": "1933-03-04",
          "number": 31,
          "party": "Republican",
          "president": "Herbert Hoover",
          "tookOffice": "1929-03-04",
        },
        Object {
          "birthYear": 1882,
          "deathYear": 1945,
          "leftOffice": "1945-04-12",
          "number": 32,
          "party": "Democratic",
          "president": "Franklin D. Roosevelt",
          "tookOffice": "1933-03-04",
        },
        Object {
          "birthYear": 1884,
          "deathYear": 1972,
          "leftOffice": "1953-01-20",
          "number": 33,
          "party": "Democratic",
          "president": "Harry S. Truman",
          "tookOffice": "1945-04-12",
        },
        Object {
          "birthYear": 1890,
          "deathYear": 1969,
          "leftOffice": "1961-01-20",
          "number": 34,
          "party": "Republican",
          "president": "Dwight D. Eisenhower",
          "tookOffice": "1953-01-20",
        },
        Object {
          "birthYear": 1917,
          "deathYear": 1963,
          "leftOffice": "1963-11-22",
          "number": 35,
          "party": "Democratic",
          "president": "John F. Kennedy",
          "tookOffice": "1961-01-20",
        },
        Object {
          "birthYear": 1908,
          "deathYear": 1973,
          "leftOffice": "1969-01-20",
          "number": 36,
          "party": "Democratic",
          "president": "Lyndon B. Johnson",
          "tookOffice": "1963-11-22",
        },
        Object {
          "birthYear": 1913,
          "deathYear": 1994,
          "leftOffice": "1974-08-09",
          "number": 37,
          "party": "Republican",
          "president": "Richard Nixon",
          "tookOffice": "1969-01-20",
        },
        Object {
          "birthYear": 1913,
          "deathYear": 2006,
          "leftOffice": "1977-01-20",
          "number": 38,
          "party": "Republican",
          "president": "Gerald Ford",
          "tookOffice": "1974-08-09",
        },
        Object {
          "birthYear": 1924,
          "deathYear": null,
          "leftOffice": "1981-01-20",
          "number": 39,
          "party": "Democratic",
          "president": "Jimmy Carter",
          "tookOffice": "1977-01-20",
        },
        Object {
          "birthYear": 1911,
          "deathYear": 2004,
          "leftOffice": "1989-01-20",
          "number": 40,
          "party": "Republican",
          "president": "Ronald Reagan",
          "tookOffice": "1981-01-20",
        },
        Object {
          "birthYear": 1924,
          "deathYear": null,
          "leftOffice": "1993-01-20",
          "number": 41,
          "party": "Republican",
          "president": "George H. W. Bush",
          "tookOffice": "1989-01-20",
        },
        Object {
          "birthYear": 1946,
          "deathYear": null,
          "leftOffice": "2001-01-20",
          "number": 42,
          "party": "Democratic",
          "president": "Bill Clinton",
          "tookOffice": "1993-01-20",
        },
        Object {
          "birthYear": 1946,
          "deathYear": null,
          "leftOffice": "2009-01-20",
          "number": 43,
          "party": "Republican",
          "president": "George W. Bush",
          "tookOffice": "2001-01-20",
        },
        Object {
          "birthYear": 1961,
          "deathYear": null,
          "leftOffice": "2017-01-20",
          "number": 44,
          "party": "Democratic",
          "president": "Barack Obama",
          "tookOffice": "2009-01-20",
        },
        Object {
          "birthYear": 1946,
          "deathYear": null,
          "leftOffice": null,
          "number": 45,
          "party": "Republican",
          "president": "Donald J. Trump",
          "tookOffice": "2017-01-20",
        },
      ]
    }
    disableVirtualization={false}
    getItem={[Function]}
    getItemCount={[Function]}
    horizontal={false}
    initialNumToRender={10}
    keyExtractor={[Function]}
    maxToRenderPerBatch={10}
    onContentSizeChange={[Function]}
    onEndReachedThreshold={2}
    onLayout={[Function]}
    onMomentumScrollEnd={[Function]}
    onScroll={[Function]}
    onScrollBeginDrag={[Function]}
    onScrollEndDrag={[Function]}
    removeClippedSubviews={false}
    renderItem={[Function]}
    scrollEventThrottle={50}
    stickyHeaderIndices={Array []}
    updateCellsBatchingPeriod={50}
    viewabilityConfigCallbackPairs={Array []}
    windowSize={21}
  >
    <View>
      <View
        onLayout={[Function]}
        style={null}
      >
        <View
          accessible={true}
          focusable={false}
          onClick={[Function]}
          onResponderGrant={[Function]}
          onResponderMove={[Function]}
          onResponderRelease={[Function]}
          onResponderTerminate={[Function]}
          onResponderTerminationRequest={[Function]}
          onStartShouldSetResponder={[Function]}
          style={
            Object {
              "alignItems": "center",
              "backgroundColor": "transparent",
              "flexDirection": "row",
              "height": 72,
              "opacity": 1,
              "paddingRight": 16,
            }
          }
        >
          <View
            style={
              Array [
                Object {
                  "backgroundColor": undefined,
                  "height": "100%",
                  "left": 0,
                  "position": "absolute",
                  "top": 0,
                  "width": 6,
                },
                undefined,
              ]
            }
          />
          <View
            style={
              Array [
                Object {
                  "alignItems": "flex-start",
                  "justifyContent": "center",
                  "marginLeft": 16,
                  "width": 40,
                },
                undefined,
              ]
            }
          >
            <View
              style={
                Array [
                  Object {
                    "alignItems": "flex-start",
                    "backgroundColor": "transparent",
                    "justifyContent": "center",
                    "width": 40,
                  },
                  undefined,
                ]
              }
            >
              <Text />
            </View>
          </View>
          <View
            style={
              Array [
                Object {
                  "flex": 1,
                  "paddingHorizontal": 16,
                },
                undefined,
              ]
            }
          >
            <Text
              ellipsizeMode="tail"
              numberOfLines={1}
              style={
                Array [
                  Object {
                    "color": "#000000",
                  },
                  Object {
                    "writingDirection": "ltr",
                  },
                  Object {},
                  Object {
                    "fontFamily": "System",
                    "fontSize": 16,
                    "fontWeight": "400",
                    "letterSpacing": 0,
                  },
                  Object {
                    "fontFamily": "System",
                    "fontWeight": "500",
                  },
                  undefined,
                  Array [
                    Object {
                      "color": "#000000",
                    },
                    undefined,
                  ],
                ]
              }
            >
              George Washington
            </Text>
            <View
              style={
                Array [
                  Object {
                    "alignItems": "center",
                    "flexDirection": "row",
                  },
                  undefined,
                ]
              }
            >
              <Text
                numberOfLines={1}
                style={
                  Array [
                    Object {
                      "color": "#000000",
                    },
                    Object {
                      "writingDirection": "ltr",
                    },
                    Object {},
                    Object {
                      "fontFamily": "System",
                      "fontSize": 14,
                      "fontWeight": "500",
                      "letterSpacing": 0,
                    },
                    Object {
                      "fontFamily": "System",
                      "fontWeight": "400",
                    },
                    undefined,
                    Object {
                      "color": "#000000",
                    },
                  ]
                }
              >
                No Party
              </Text>
            </View>
            <View
              style={
                Array [
                  Object {
                    "alignItems": "center",
                    "flexDirection": "row",
                  },
                  undefined,
                ]
              }
            >
              <Text
                numberOfLines={1}
                style={
                  Array [
                    Object {
                      "color": "#000000",
                    },
                    Object {
                      "writingDirection": "ltr",
                    },
                    Object {},
                    Object {
                      "fontFamily": "System",
                      "fontSize": 14,
                      "fontWeight": "500",
                      "letterSpacing": 0,
                    },
                    Object {
                      "fontFamily": "System",
                      "fontWeight": "400",
                    },
                    undefined,
                    Object {
                      "color": "#000000",
                    },
                  ]
                }
              >
                1789-04-30
              </Text>
            </View>
          </View>
        </View>
      </View>
      <View
        onLayout={[Function]}
        style={null}
      >
        <View
          accessible={true}
          focusable={false}
          onClick={[Function]}
          onResponderGrant={[Function]}
          onResponderMove={[Function]}
          onResponderRelease={[Function]}
          onResponderTerminate={[Function]}
          onResponderTerminationRequest={[Function]}
          onStartShouldSetResponder={[Function]}
          style={
            Object {
              "alignItems": "center",
              "backgroundColor": "transparent",
              "flexDirection": "row",
              "height": 72,
              "opacity": 1,
              "paddingRight": 16,
            }
          }
        >
          <View
            style={
              Array [
                Object {
                  "backgroundColor": undefined,
                  "height": "100%",
                  "left": 0,
                  "position": "absolute",
                  "top": 0,
                  "width": 6,
                },
                undefined,
              ]
            }
          />
          <View
            style={
              Array [
                Object {
                  "alignItems": "flex-start",
                  "justifyContent": "center",
                  "marginLeft": 16,
                  "width": 40,
                },
                undefined,
              ]
            }
          >
            <View
              style={
                Array [
                  Object {
                    "alignItems": "flex-start",
                    "backgroundColor": "transparent",
                    "justifyContent": "center",
                    "width": 40,
                  },
                  undefined,
                ]
              }
            >
              <Text />
            </View>
          </View>
          <View
            style={
              Array [
                Object {
                  "flex": 1,
                  "paddingHorizontal": 16,
                },
                undefined,
              ]
            }
          >
            <Text
              ellipsizeMode="tail"
              numberOfLines={1}
              style={
                Array [
                  Object {
                    "color": "#000000",
                  },
                  Object {
                    "writingDirection": "ltr",
                  },
                  Object {},
                  Object {
                    "fontFamily": "System",
                    "fontSize": 16,
                    "fontWeight": "400",
                    "letterSpacing": 0,
                  },
                  Object {
                    "fontFamily": "System",
                    "fontWeight": "500",
                  },
                  undefined,
                  Array [
                    Object {
                      "color": "#000000",
                    },
                    undefined,
                  ],
                ]
              }
            >
              John Adams
            </Text>
            <View
              style={
                Array [
                  Object {
                    "alignItems": "center",
                    "flexDirection": "row",
                  },
                  undefined,
                ]
              }
            >
              <Text
                numberOfLines={1}
                style={
                  Array [
                    Object {
                      "color": "#000000",
                    },
                    Object {
                      "writingDirection": "ltr",
                    },
                    Object {},
                    Object {
                      "fontFamily": "System",
                      "fontSize": 14,
                      "fontWeight": "500",
                      "letterSpacing": 0,
                    },
                    Object {
                      "fontFamily": "System",
                      "fontWeight": "400",
                    },
                    undefined,
                    Object {
                      "color": "#000000",
                    },
                  ]
                }
              >
                Federalist
              </Text>
            </View>
            <View
              style={
                Array [
                  Object {
                    "alignItems": "center",
                    "flexDirection": "row",
                  },
                  undefined,
                ]
              }
            >
              <Text
                numberOfLines={1}
                style={
                  Array [
                    Object {
                      "color": "#000000",
                    },
                    Object {
                      "writingDirection": "ltr",
                    },
                    Object {},
                    Object {
                      "fontFamily": "System",
                      "fontSize": 14,
                      "fontWeight": "500",
                      "letterSpacing": 0,
                    },
                    Object {
                      "fontFamily": "System",
                      "fontWeight": "400",
                    },
                    undefined,
                    Object {
                      "color": "#000000",
                    },
                  ]
                }
              >
                1797-03-04
              </Text>
            </View>
          </View>
        </View>
      </View>
      <View
        onLayout={[Function]}
        style={null}
      >
        <View
          accessible={true}
          focusable={false}
          onClick={[Function]}
          onResponderGrant={[Function]}
          onResponderMove={[Function]}
          onResponderRelease={[Function]}
          onResponderTerminate={[Function]}
          onResponderTerminationRequest={[Function]}
          onStartShouldSetResponder={[Function]}
          style={
            Object {
              "alignItems": "center",
              "backgroundColor": "transparent",
              "flexDirection": "row",
              "height": 72,
              "opacity": 1,
              "paddingRight": 16,
            }
          }
        >
          <View
            style={
              Array [
                Object {
                  "backgroundColor": undefined,
                  "height": "100%",
                  "left": 0,
                  "position": "absolute",
                  "top": 0,
                  "width": 6,
                },
                undefined,
              ]
            }
          />
          <View
            style={
              Array [
                Object {
                  "alignItems": "flex-start",
                  "justifyContent": "center",
                  "marginLeft": 16,
                  "width": 40,
                },
                undefined,
              ]
            }
          >
            <View
              style={
                Array [
                  Object {
                    "alignItems": "flex-start",
                    "backgroundColor": "transparent",
                    "justifyContent": "center",
                    "width": 40,
                  },
                  undefined,
                ]
              }
            >
              <Text />
            </View>
          </View>
          <View
            style={
              Array [
                Object {
                  "flex": 1,
                  "paddingHorizontal": 16,
                },
                undefined,
              ]
            }
          >
            <Text
              ellipsizeMode="tail"
              numberOfLines={1}
              style={
                Array [
                  Object {
                    "color": "#000000",
                  },
                  Object {
                    "writingDirection": "ltr",
                  },
                  Object {},
                  Object {
                    "fontFamily": "System",
                    "fontSize": 16,
                    "fontWeight": "400",
                    "letterSpacing": 0,
                  },
                  Object {
                    "fontFamily": "System",
                    "fontWeight": "500",
                  },
                  undefined,
                  Array [
                    Object {
                      "color": "#000000",
                    },
                    undefined,
                  ],
                ]
              }
            >
              Thomas Jefferson
            </Text>
            <View
              style={
                Array [
                  Object {
                    "alignItems": "center",
                    "flexDirection": "row",
                  },
                  undefined,
                ]
              }
            >
              <Text
                numberOfLines={1}
                style={
                  Array [
                    Object {
                      "color": "#000000",
                    },
                    Object {
                      "writingDirection": "ltr",
                    },
                    Object {},
                    Object {
                      "fontFamily": "System",
                      "fontSize": 14,
                      "fontWeight": "500",
                      "letterSpacing": 0,
                    },
                    Object {
                      "fontFamily": "System",
                      "fontWeight": "400",
                    },
                    undefined,
                    Object {
                      "color": "#000000",
                    },
                  ]
                }
              >
                Democratic-Republican
              </Text>
            </View>
            <View
              style={
                Array [
                  Object {
                    "alignItems": "center",
                    "flexDirection": "row",
                  },
                  undefined,
                ]
              }
            >
              <Text
                numberOfLines={1}
                style={
                  Array [
                    Object {
                      "color": "#000000",
                    },
                    Object {
                      "writingDirection": "ltr",
                    },
                    Object {},
                    Object {
                      "fontFamily": "System",
                      "fontSize": 14,
                      "fontWeight": "500",
                      "letterSpacing": 0,
                    },
                    Object {
                      "fontFamily": "System",
                      "fontWeight": "400",
                    },
                    undefined,
                    Object {
                      "color": "#000000",
                    },
                  ]
                }
              >
                1801-03-04
              </Text>
            </View>
          </View>
        </View>
      </View>
      <View
        onLayout={[Function]}
        style={null}
      >
        <View
          accessible={true}
          focusable={false}
          onClick={[Function]}
          onResponderGrant={[Function]}
          onResponderMove={[Function]}
          onResponderRelease={[Function]}
          onResponderTerminate={[Function]}
          onResponderTerminationRequest={[Function]}
          onStartShouldSetResponder={[Function]}
          style={
            Object {
              "alignItems": "center",
              "backgroundColor": "transparent",
              "flexDirection": "row",
              "height": 72,
              "opacity": 1,
              "paddingRight": 16,
            }
          }
        >
          <View
            style={
              Array [
                Object {
                  "backgroundColor": undefined,
                  "height": "100%",
                  "left": 0,
                  "position": "absolute",
                  "top": 0,
                  "width": 6,
                },
                undefined,
              ]
            }
          />
          <View
            style={
              Array [
                Object {
                  "alignItems": "flex-start",
                  "justifyContent": "center",
                  "marginLeft": 16,
                  "width": 40,
                },
                undefined,
              ]
            }
          >
            <View
              style={
                Array [
                  Object {
                    "alignItems": "flex-start",
                    "backgroundColor": "transparent",
                    "justifyContent": "center",
                    "width": 40,
                  },
                  undefined,
                ]
              }
            >
              <Text />
            </View>
          </View>
          <View
            style={
              Array [
                Object {
                  "flex": 1,
                  "paddingHorizontal": 16,
                },
                undefined,
              ]
            }
          >
            <Text
              ellipsizeMode="tail"
              numberOfLines={1}
              style={
                Array [
                  Object {
                    "color": "#000000",
                  },
                  Object {
                    "writingDirection": "ltr",
                  },
                  Object {},
                  Object {
                    "fontFamily": "System",
                    "fontSize": 16,
                    "fontWeight": "400",
                    "letterSpacing": 0,
                  },
                  Object {
                    "fontFamily": "System",
                    "fontWeight": "500",
                  },
                  undefined,
                  Array [
                    Object {
                      "color": "#000000",
                    },
                    undefined,
                  ],
                ]
              }
            >
              James Madison
            </Text>
            <View
              style={
                Array [
                  Object {
                    "alignItems": "center",
                    "flexDirection": "row",
                  },
                  undefined,
                ]
              }
            >
              <Text
                numberOfLines={1}
                style={
                  Array [
                    Object {
                      "color": "#000000",
                    },
                    Object {
                      "writingDirection": "ltr",
                    },
                    Object {},
                    Object {
                      "fontFamily": "System",
                      "fontSize": 14,
                      "fontWeight": "500",
                      "letterSpacing": 0,
                    },
                    Object {
                      "fontFamily": "System",
                      "fontWeight": "400",
                    },
                    undefined,
                    Object {
                      "color": "#000000",
                    },
                  ]
                }
              >
                Democratic-Republican
              </Text>
            </View>
            <View
              style={
                Array [
                  Object {
                    "alignItems": "center",
                    "flexDirection": "row",
                  },
                  undefined,
                ]
              }
            >
              <Text
                numberOfLines={1}
                style={
                  Array [
                    Object {
                      "color": "#000000",
                    },
                    Object {
                      "writingDirection": "ltr",
                    },
                    Object {},
                    Object {
                      "fontFamily": "System",
                      "fontSize": 14,
                      "fontWeight": "500",
                      "letterSpacing": 0,
                    },
                    Object {
                      "fontFamily": "System",
                      "fontWeight": "400",
                    },
                    undefined,
                    Object {
                      "color": "#000000",
                    },
                  ]
                }
              >
                1809-03-04
              </Text>
            </View>
          </View>
        </View>
      </View>
      <View
        onLayout={[Function]}
        style={null}
      >
        <View
          accessible={true}
          focusable={false}
          onClick={[Function]}
          onResponderGrant={[Function]}
          onResponderMove={[Function]}
          onResponderRelease={[Function]}
          onResponderTerminate={[Function]}
          onResponderTerminationRequest={[Function]}
          onStartShouldSetResponder={[Function]}
          style={
            Object {
              "alignItems": "center",
              "backgroundColor": "transparent",
              "flexDirection": "row",
              "height": 72,
              "opacity": 1,
              "paddingRight": 16,
            }
          }
        >
          <View
            style={
              Array [
                Object {
                  "backgroundColor": undefined,
                  "height": "100%",
                  "left": 0,
                  "position": "absolute",
                  "top": 0,
                  "width": 6,
                },
                undefined,
              ]
            }
          />
          <View
            style={
              Array [
                Object {
                  "alignItems": "flex-start",
                  "justifyContent": "center",
                  "marginLeft": 16,
                  "width": 40,
                },
                undefined,
              ]
            }
          >
            <View
              style={
                Array [
                  Object {
                    "alignItems": "flex-start",
                    "backgroundColor": "transparent",
                    "justifyContent": "center",
                    "width": 40,
                  },
                  undefined,
                ]
              }
            >
              <Text />
            </View>
          </View>
          <View
            style={
              Array [
                Object {
                  "flex": 1,
                  "paddingHorizontal": 16,
                },
                undefined,
              ]
            }
          >
            <Text
              ellipsizeMode="tail"
              numberOfLines={1}
              style={
                Array [
                  Object {
                    "color": "#000000",
                  },
                  Object {
                    "writingDirection": "ltr",
                  },
                  Object {},
                  Object {
                    "fontFamily": "System",
                    "fontSize": 16,
                    "fontWeight": "400",
                    "letterSpacing": 0,
                  },
                  Object {
                    "fontFamily": "System",
                    "fontWeight": "500",
                  },
                  undefined,
                  Array [
                    Object {
                      "color": "#000000",
                    },
                    undefined,
                  ],
                ]
              }
            >
              James Monroe
            </Text>
            <View
              style={
                Array [
                  Object {
                    "alignItems": "center",
                    "flexDirection": "row",
                  },
                  undefined,
                ]
              }
            >
              <Text
                numberOfLines={1}
                style={
                  Array [
                    Object {
                      "color": "#000000",
                    },
                    Object {
                      "writingDirection": "ltr",
                    },
                    Object {},
                    Object {
                      "fontFamily": "System",
                      "fontSize": 14,
                      "fontWeight": "500",
                      "letterSpacing": 0,
                    },
                    Object {
                      "fontFamily": "System",
                      "fontWeight": "400",
                    },
                    undefined,
                    Object {
                      "color": "#000000",
                    },
                  ]
                }
              >
                Democratic-Republican
              </Text>
            </View>
            <View
              style={
                Array [
                  Object {
                    "alignItems": "center",
                    "flexDirection": "row",
                  },
                  undefined,
                ]
              }
            >
              <Text
                numberOfLines={1}
                style={
                  Array [
                    Object {
                      "color": "#000000",
                    },
                    Object {
                      "writingDirection": "ltr",
                    },
                    Object {},
                    Object {
                      "fontFamily": "System",
                      "fontSize": 14,
                      "fontWeight": "500",
                      "letterSpacing": 0,
                    },
                    Object {
                      "fontFamily": "System",
                      "fontWeight": "400",
                    },
                    undefined,
                    Object {
                      "color": "#000000",
                    },
                  ]
                }
              >
                1817-03-04
              </Text>
            </View>
          </View>
        </View>
      </View>
      <View
        onLayout={[Function]}
        style={null}
      >
        <View
          accessible={true}
          focusable={false}
          onClick={[Function]}
          onResponderGrant={[Function]}
          onResponderMove={[Function]}
          onResponderRelease={[Function]}
          onResponderTerminate={[Function]}
          onResponderTerminationRequest={[Function]}
          onStartShouldSetResponder={[Function]}
          style={
            Object {
              "alignItems": "center",
              "backgroundColor": "transparent",
              "flexDirection": "row",
              "height": 72,
              "opacity": 1,
              "paddingRight": 16,
            }
          }
        >
          <View
            style={
              Array [
                Object {
                  "backgroundColor": undefined,
                  "height": "100%",
                  "left": 0,
                  "position": "absolute",
                  "top": 0,
                  "width": 6,
                },
                undefined,
              ]
            }
          />
          <View
            style={
              Array [
                Object {
                  "alignItems": "flex-start",
                  "justifyContent": "center",
                  "marginLeft": 16,
                  "width": 40,
                },
                undefined,
              ]
            }
          >
            <View
              style={
                Array [
                  Object {
                    "alignItems": "flex-start",
                    "backgroundColor": "transparent",
                    "justifyContent": "center",
                    "width": 40,
                  },
                  undefined,
                ]
              }
            >
              <Text />
            </View>
          </View>
          <View
            style={
              Array [
                Object {
                  "flex": 1,
                  "paddingHorizontal": 16,
                },
                undefined,
              ]
            }
          >
            <Text
              ellipsizeMode="tail"
              numberOfLines={1}
              style={
                Array [
                  Object {
                    "color": "#000000",
                  },
                  Object {
                    "writingDirection": "ltr",
                  },
                  Object {},
                  Object {
                    "fontFamily": "System",
                    "fontSize": 16,
                    "fontWeight": "400",
                    "letterSpacing": 0,
                  },
                  Object {
                    "fontFamily": "System",
                    "fontWeight": "500",
                  },
                  undefined,
                  Array [
                    Object {
                      "color": "#000000",
                    },
                    undefined,
                  ],
                ]
              }
            >
              John Quincy Adams
            </Text>
            <View
              style={
                Array [
                  Object {
                    "alignItems": "center",
                    "flexDirection": "row",
                  },
                  undefined,
                ]
              }
            >
              <Text
                numberOfLines={1}
                style={
                  Array [
                    Object {
                      "color": "#000000",
                    },
                    Object {
                      "writingDirection": "ltr",
                    },
                    Object {},
                    Object {
                      "fontFamily": "System",
                      "fontSize": 14,
                      "fontWeight": "500",
                      "letterSpacing": 0,
                    },
                    Object {
                      "fontFamily": "System",
                      "fontWeight": "400",
                    },
                    undefined,
                    Object {
                      "color": "#000000",
                    },
                  ]
                }
              >
                Democratic-Republican
              </Text>
            </View>
            <View
              style={
                Array [
                  Object {
                    "alignItems": "center",
                    "flexDirection": "row",
                  },
                  undefined,
                ]
              }
            >
              <Text
                numberOfLines={1}
                style={
                  Array [
                    Object {
                      "color": "#000000",
                    },
                    Object {
                      "writingDirection": "ltr",
                    },
                    Object {},
                    Object {
                      "fontFamily": "System",
                      "fontSize": 14,
                      "fontWeight": "500",
                      "letterSpacing": 0,
                    },
                    Object {
                      "fontFamily": "System",
                      "fontWeight": "400",
                    },
                    undefined,
                    Object {
                      "color": "#000000",
                    },
                  ]
                }
              >
                1825-03-04
              </Text>
            </View>
          </View>
        </View>
      </View>
      <View
        onLayout={[Function]}
        style={null}
      >
        <View
          accessible={true}
          focusable={false}
          onClick={[Function]}
          onResponderGrant={[Function]}
          onResponderMove={[Function]}
          onResponderRelease={[Function]}
          onResponderTerminate={[Function]}
          onResponderTerminationRequest={[Function]}
          onStartShouldSetResponder={[Function]}
          style={
            Object {
              "alignItems": "center",
              "backgroundColor": "transparent",
              "flexDirection": "row",
              "height": 72,
              "opacity": 1,
              "paddingRight": 16,
            }
          }
        >
          <View
            style={
              Array [
                Object {
                  "backgroundColor": undefined,
                  "height": "100%",
                  "left": 0,
                  "position": "absolute",
                  "top": 0,
                  "width": 6,
                },
                undefined,
              ]
            }
          />
          <View
            style={
              Array [
                Object {
                  "alignItems": "flex-start",
                  "justifyContent": "center",
                  "marginLeft": 16,
                  "width": 40,
                },
                undefined,
              ]
            }
          >
            <View
              style={
                Array [
                  Object {
                    "alignItems": "flex-start",
                    "backgroundColor": "transparent",
                    "justifyContent": "center",
                    "width": 40,
                  },
                  undefined,
                ]
              }
            >
              <Text />
            </View>
          </View>
          <View
            style={
              Array [
                Object {
                  "flex": 1,
                  "paddingHorizontal": 16,
                },
                undefined,
              ]
            }
          >
            <Text
              ellipsizeMode="tail"
              numberOfLines={1}
              style={
                Array [
                  Object {
                    "color": "#000000",
                  },
                  Object {
                    "writingDirection": "ltr",
                  },
                  Object {},
                  Object {
                    "fontFamily": "System",
                    "fontSize": 16,
                    "fontWeight": "400",
                    "letterSpacing": 0,
                  },
                  Object {
                    "fontFamily": "System",
                    "fontWeight": "500",
                  },
                  undefined,
                  Array [
                    Object {
                      "color": "#000000",
                    },
                    undefined,
                  ],
                ]
              }
            >
              Andrew Jackson
            </Text>
            <View
              style={
                Array [
                  Object {
                    "alignItems": "center",
                    "flexDirection": "row",
                  },
                  undefined,
                ]
              }
            >
              <Text
                numberOfLines={1}
                style={
                  Array [
                    Object {
                      "color": "#000000",
                    },
                    Object {
                      "writingDirection": "ltr",
                    },
                    Object {},
                    Object {
                      "fontFamily": "System",
                      "fontSize": 14,
                      "fontWeight": "500",
                      "letterSpacing": 0,
                    },
                    Object {
                      "fontFamily": "System",
                      "fontWeight": "400",
                    },
                    undefined,
                    Object {
                      "color": "#000000",
                    },
                  ]
                }
              >
                Democratic
              </Text>
            </View>
            <View
              style={
                Array [
                  Object {
                    "alignItems": "center",
                    "flexDirection": "row",
                  },
                  undefined,
                ]
              }
            >
              <Text
                numberOfLines={1}
                style={
                  Array [
                    Object {
                      "color": "#000000",
                    },
                    Object {
                      "writingDirection": "ltr",
                    },
                    Object {},
                    Object {
                      "fontFamily": "System",
                      "fontSize": 14,
                      "fontWeight": "500",
                      "letterSpacing": 0,
                    },
                    Object {
                      "fontFamily": "System",
                      "fontWeight": "400",
                    },
                    undefined,
                    Object {
                      "color": "#000000",
                    },
                  ]
                }
              >
                1829-03-04
              </Text>
            </View>
          </View>
        </View>
      </View>
      <View
        onLayout={[Function]}
        style={null}
      >
        <View
          accessible={true}
          focusable={false}
          onClick={[Function]}
          onResponderGrant={[Function]}
          onResponderMove={[Function]}
          onResponderRelease={[Function]}
          onResponderTerminate={[Function]}
          onResponderTerminationRequest={[Function]}
          onStartShouldSetResponder={[Function]}
          style={
            Object {
              "alignItems": "center",
              "backgroundColor": "transparent",
              "flexDirection": "row",
              "height": 72,
              "opacity": 1,
              "paddingRight": 16,
            }
          }
        >
          <View
            style={
              Array [
                Object {
                  "backgroundColor": undefined,
                  "height": "100%",
                  "left": 0,
                  "position": "absolute",
                  "top": 0,
                  "width": 6,
                },
                undefined,
              ]
            }
          />
          <View
            style={
              Array [
                Object {
                  "alignItems": "flex-start",
                  "justifyContent": "center",
                  "marginLeft": 16,
                  "width": 40,
                },
                undefined,
              ]
            }
          >
            <View
              style={
                Array [
                  Object {
                    "alignItems": "flex-start",
                    "backgroundColor": "transparent",
                    "justifyContent": "center",
                    "width": 40,
                  },
                  undefined,
                ]
              }
            >
              <Text />
            </View>
          </View>
          <View
            style={
              Array [
                Object {
                  "flex": 1,
                  "paddingHorizontal": 16,
                },
                undefined,
              ]
            }
          >
            <Text
              ellipsizeMode="tail"
              numberOfLines={1}
              style={
                Array [
                  Object {
                    "color": "#000000",
                  },
                  Object {
                    "writingDirection": "ltr",
                  },
                  Object {},
                  Object {
                    "fontFamily": "System",
                    "fontSize": 16,
                    "fontWeight": "400",
                    "letterSpacing": 0,
                  },
                  Object {
                    "fontFamily": "System",
                    "fontWeight": "500",
                  },
                  undefined,
                  Array [
                    Object {
                      "color": "#000000",
                    },
                    undefined,
                  ],
                ]
              }
            >
              Martin Van Buren
            </Text>
            <View
              style={
                Array [
                  Object {
                    "alignItems": "center",
                    "flexDirection": "row",
                  },
                  undefined,
                ]
              }
            >
              <Text
                numberOfLines={1}
                style={
                  Array [
                    Object {
                      "color": "#000000",
                    },
                    Object {
                      "writingDirection": "ltr",
                    },
                    Object {},
                    Object {
                      "fontFamily": "System",
                      "fontSize": 14,
                      "fontWeight": "500",
                      "letterSpacing": 0,
                    },
                    Object {
                      "fontFamily": "System",
                      "fontWeight": "400",
                    },
                    undefined,
                    Object {
                      "color": "#000000",
                    },
                  ]
                }
              >
                Democratic
              </Text>
            </View>
            <View
              style={
                Array [
                  Object {
                    "alignItems": "center",
                    "flexDirection": "row",
                  },
                  undefined,
                ]
              }
            >
              <Text
                numberOfLines={1}
                style={
                  Array [
                    Object {
                      "color": "#000000",
                    },
                    Object {
                      "writingDirection": "ltr",
                    },
                    Object {},
                    Object {
                      "fontFamily": "System",
                      "fontSize": 14,
                      "fontWeight": "500",
                      "letterSpacing": 0,
                    },
                    Object {
                      "fontFamily": "System",
                      "fontWeight": "400",
                    },
                    undefined,
                    Object {
                      "color": "#000000",
                    },
                  ]
                }
              >
                1837-03-04
              </Text>
            </View>
          </View>
        </View>
      </View>
      <View
        onLayout={[Function]}
        style={null}
      >
        <View
          accessible={true}
          focusable={false}
          onClick={[Function]}
          onResponderGrant={[Function]}
          onResponderMove={[Function]}
          onResponderRelease={[Function]}
          onResponderTerminate={[Function]}
          onResponderTerminationRequest={[Function]}
          onStartShouldSetResponder={[Function]}
          style={
            Object {
              "alignItems": "center",
              "backgroundColor": "transparent",
              "flexDirection": "row",
              "height": 72,
              "opacity": 1,
              "paddingRight": 16,
            }
          }
        >
          <View
            style={
              Array [
                Object {
                  "backgroundColor": undefined,
                  "height": "100%",
                  "left": 0,
                  "position": "absolute",
                  "top": 0,
                  "width": 6,
                },
                undefined,
              ]
            }
          />
          <View
            style={
              Array [
                Object {
                  "alignItems": "flex-start",
                  "justifyContent": "center",
                  "marginLeft": 16,
                  "width": 40,
                },
                undefined,
              ]
            }
          >
            <View
              style={
                Array [
                  Object {
                    "alignItems": "flex-start",
                    "backgroundColor": "transparent",
                    "justifyContent": "center",
                    "width": 40,
                  },
                  undefined,
                ]
              }
            >
              <Text />
            </View>
          </View>
          <View
            style={
              Array [
                Object {
                  "flex": 1,
                  "paddingHorizontal": 16,
                },
                undefined,
              ]
            }
          >
            <Text
              ellipsizeMode="tail"
              numberOfLines={1}
              style={
                Array [
                  Object {
                    "color": "#000000",
                  },
                  Object {
                    "writingDirection": "ltr",
                  },
                  Object {},
                  Object {
                    "fontFamily": "System",
                    "fontSize": 16,
                    "fontWeight": "400",
                    "letterSpacing": 0,
                  },
                  Object {
                    "fontFamily": "System",
                    "fontWeight": "500",
                  },
                  undefined,
                  Array [
                    Object {
                      "color": "#000000",
                    },
                    undefined,
                  ],
                ]
              }
            >
              William Henry Harrison
            </Text>
            <View
              style={
                Array [
                  Object {
                    "alignItems": "center",
                    "flexDirection": "row",
                  },
                  undefined,
                ]
              }
            >
              <Text
                numberOfLines={1}
                style={
                  Array [
                    Object {
                      "color": "#000000",
                    },
                    Object {
                      "writingDirection": "ltr",
                    },
                    Object {},
                    Object {
                      "fontFamily": "System",
                      "fontSize": 14,
                      "fontWeight": "500",
                      "letterSpacing": 0,
                    },
                    Object {
                      "fontFamily": "System",
                      "fontWeight": "400",
                    },
                    undefined,
                    Object {
                      "color": "#000000",
                    },
                  ]
                }
              >
                Whig
              </Text>
            </View>
            <View
              style={
                Array [
                  Object {
                    "alignItems": "center",
                    "flexDirection": "row",
                  },
                  undefined,
                ]
              }
            >
              <Text
                numberOfLines={1}
                style={
                  Array [
                    Object {
                      "color": "#000000",
                    },
                    Object {
                      "writingDirection": "ltr",
                    },
                    Object {},
                    Object {
                      "fontFamily": "System",
                      "fontSize": 14,
                      "fontWeight": "500",
                      "letterSpacing": 0,
                    },
                    Object {
                      "fontFamily": "System",
                      "fontWeight": "400",
                    },
                    undefined,
                    Object {
                      "color": "#000000",
                    },
                  ]
                }
              >
                1841-03-04
              </Text>
            </View>
          </View>
        </View>
      </View>
      <View
        onLayout={[Function]}
        style={null}
      >
        <View
          accessible={true}
          focusable={false}
          onClick={[Function]}
          onResponderGrant={[Function]}
          onResponderMove={[Function]}
          onResponderRelease={[Function]}
          onResponderTerminate={[Function]}
          onResponderTerminationRequest={[Function]}
          onStartShouldSetResponder={[Function]}
          style={
            Object {
              "alignItems": "center",
              "backgroundColor": "transparent",
              "flexDirection": "row",
              "height": 72,
              "opacity": 1,
              "paddingRight": 16,
            }
          }
        >
          <View
            style={
              Array [
                Object {
                  "backgroundColor": undefined,
                  "height": "100%",
                  "left": 0,
                  "position": "absolute",
                  "top": 0,
                  "width": 6,
                },
                undefined,
              ]
            }
          />
          <View
            style={
              Array [
                Object {
                  "alignItems": "flex-start",
                  "justifyContent": "center",
                  "marginLeft": 16,
                  "width": 40,
                },
                undefined,
              ]
            }
          >
            <View
              style={
                Array [
                  Object {
                    "alignItems": "flex-start",
                    "backgroundColor": "transparent",
                    "justifyContent": "center",
                    "width": 40,
                  },
                  undefined,
                ]
              }
            >
              <Text />
            </View>
          </View>
          <View
            style={
              Array [
                Object {
                  "flex": 1,
                  "paddingHorizontal": 16,
                },
                undefined,
              ]
            }
          >
            <Text
              ellipsizeMode="tail"
              numberOfLines={1}
              style={
                Array [
                  Object {
                    "color": "#000000",
                  },
                  Object {
                    "writingDirection": "ltr",
                  },
                  Object {},
                  Object {
                    "fontFamily": "System",
                    "fontSize": 16,
                    "fontWeight": "400",
                    "letterSpacing": 0,
                  },
                  Object {
                    "fontFamily": "System",
                    "fontWeight": "500",
                  },
                  undefined,
                  Array [
                    Object {
                      "color": "#000000",
                    },
                    undefined,
                  ],
                ]
              }
            >
              John Tyler
            </Text>
            <View
              style={
                Array [
                  Object {
                    "alignItems": "center",
                    "flexDirection": "row",
                  },
                  undefined,
                ]
              }
            >
              <Text
                numberOfLines={1}
                style={
                  Array [
                    Object {
                      "color": "#000000",
                    },
                    Object {
                      "writingDirection": "ltr",
                    },
                    Object {},
                    Object {
                      "fontFamily": "System",
                      "fontSize": 14,
                      "fontWeight": "500",
                      "letterSpacing": 0,
                    },
                    Object {
                      "fontFamily": "System",
                      "fontWeight": "400",
                    },
                    undefined,
                    Object {
                      "color": "#000000",
                    },
                  ]
                }
              >
                Whig
              </Text>
            </View>
            <View
              style={
                Array [
                  Object {
                    "alignItems": "center",
                    "flexDirection": "row",
                  },
                  undefined,
                ]
              }
            >
              <Text
                numberOfLines={1}
                style={
                  Array [
                    Object {
                      "color": "#000000",
                    },
                    Object {
                      "writingDirection": "ltr",
                    },
                    Object {},
                    Object {
                      "fontFamily": "System",
                      "fontSize": 14,
                      "fontWeight": "500",
                      "letterSpacing": 0,
                    },
                    Object {
                      "fontFamily": "System",
                      "fontWeight": "400",
                    },
                    undefined,
                    Object {
                      "color": "#000000",
                    },
                  ]
                }
              >
                1841-04-04
              </Text>
            </View>
          </View>
        </View>
      </View>
      <View
        style={
          Object {
            "height": 0,
          }
        }
      />
    </View>
  </RCTScrollView>
</View>
`;
